Archive member included to satisfy reference by file (symbol)

c:/ac6/systemworkbench/plugins/fr.ac6.mcu.externaltools.arm-none.win32_1.15.0.201708311556/tools/compiler/bin/../lib/gcc/arm-none-eabi/6.3.1/../../../../arm-none-eabi/lib/thumb/v7e-m/fpv4-sp/hard\libc.a(lib_a-errno.o)
                              src/syscalls.o (__errno)
c:/ac6/systemworkbench/plugins/fr.ac6.mcu.externaltools.arm-none.win32_1.15.0.201708311556/tools/compiler/bin/../lib/gcc/arm-none-eabi/6.3.1/../../../../arm-none-eabi/lib/thumb/v7e-m/fpv4-sp/hard\libc.a(lib_a-exit.o)
                              c:/ac6/systemworkbench/plugins/fr.ac6.mcu.externaltools.arm-none.win32_1.15.0.201708311556/tools/compiler/bin/../lib/gcc/arm-none-eabi/6.3.1/../../../../arm-none-eabi/lib/thumb/v7e-m/fpv4-sp/hard/crt0.o (exit)
c:/ac6/systemworkbench/plugins/fr.ac6.mcu.externaltools.arm-none.win32_1.15.0.201708311556/tools/compiler/bin/../lib/gcc/arm-none-eabi/6.3.1/../../../../arm-none-eabi/lib/thumb/v7e-m/fpv4-sp/hard\libc.a(lib_a-impure.o)
                              c:/ac6/systemworkbench/plugins/fr.ac6.mcu.externaltools.arm-none.win32_1.15.0.201708311556/tools/compiler/bin/../lib/gcc/arm-none-eabi/6.3.1/../../../../arm-none-eabi/lib/thumb/v7e-m/fpv4-sp/hard\libc.a(lib_a-exit.o) (_global_impure_ptr)
c:/ac6/systemworkbench/plugins/fr.ac6.mcu.externaltools.arm-none.win32_1.15.0.201708311556/tools/compiler/bin/../lib/gcc/arm-none-eabi/6.3.1/../../../../arm-none-eabi/lib/thumb/v7e-m/fpv4-sp/hard\libc.a(lib_a-init.o)
                              c:/ac6/systemworkbench/plugins/fr.ac6.mcu.externaltools.arm-none.win32_1.15.0.201708311556/tools/compiler/bin/../lib/gcc/arm-none-eabi/6.3.1/../../../../arm-none-eabi/lib/thumb/v7e-m/fpv4-sp/hard/crt0.o (__libc_init_array)
c:/ac6/systemworkbench/plugins/fr.ac6.mcu.externaltools.arm-none.win32_1.15.0.201708311556/tools/compiler/bin/../lib/gcc/arm-none-eabi/6.3.1/../../../../arm-none-eabi/lib/thumb/v7e-m/fpv4-sp/hard\libc.a(lib_a-malloc.o)
                              src/tm_stm32f4_delay.o (malloc)
c:/ac6/systemworkbench/plugins/fr.ac6.mcu.externaltools.arm-none.win32_1.15.0.201708311556/tools/compiler/bin/../lib/gcc/arm-none-eabi/6.3.1/../../../../arm-none-eabi/lib/thumb/v7e-m/fpv4-sp/hard\libc.a(lib_a-mallocr.o)
                              c:/ac6/systemworkbench/plugins/fr.ac6.mcu.externaltools.arm-none.win32_1.15.0.201708311556/tools/compiler/bin/../lib/gcc/arm-none-eabi/6.3.1/../../../../arm-none-eabi/lib/thumb/v7e-m/fpv4-sp/hard\libc.a(lib_a-malloc.o) (_malloc_r)
c:/ac6/systemworkbench/plugins/fr.ac6.mcu.externaltools.arm-none.win32_1.15.0.201708311556/tools/compiler/bin/../lib/gcc/arm-none-eabi/6.3.1/../../../../arm-none-eabi/lib/thumb/v7e-m/fpv4-sp/hard\libc.a(lib_a-memset.o)
                              c:/ac6/systemworkbench/plugins/fr.ac6.mcu.externaltools.arm-none.win32_1.15.0.201708311556/tools/compiler/bin/../lib/gcc/arm-none-eabi/6.3.1/../../../../arm-none-eabi/lib/thumb/v7e-m/fpv4-sp/hard/crt0.o (memset)
c:/ac6/systemworkbench/plugins/fr.ac6.mcu.externaltools.arm-none.win32_1.15.0.201708311556/tools/compiler/bin/../lib/gcc/arm-none-eabi/6.3.1/../../../../arm-none-eabi/lib/thumb/v7e-m/fpv4-sp/hard\libc.a(lib_a-mlock.o)
                              c:/ac6/systemworkbench/plugins/fr.ac6.mcu.externaltools.arm-none.win32_1.15.0.201708311556/tools/compiler/bin/../lib/gcc/arm-none-eabi/6.3.1/../../../../arm-none-eabi/lib/thumb/v7e-m/fpv4-sp/hard\libc.a(lib_a-mallocr.o) (__malloc_lock)
c:/ac6/systemworkbench/plugins/fr.ac6.mcu.externaltools.arm-none.win32_1.15.0.201708311556/tools/compiler/bin/../lib/gcc/arm-none-eabi/6.3.1/../../../../arm-none-eabi/lib/thumb/v7e-m/fpv4-sp/hard\libc.a(lib_a-rand.o)
                              src/main.o (srand)
c:/ac6/systemworkbench/plugins/fr.ac6.mcu.externaltools.arm-none.win32_1.15.0.201708311556/tools/compiler/bin/../lib/gcc/arm-none-eabi/6.3.1/../../../../arm-none-eabi/lib/thumb/v7e-m/fpv4-sp/hard\libc.a(lib_a-sbrkr.o)
                              c:/ac6/systemworkbench/plugins/fr.ac6.mcu.externaltools.arm-none.win32_1.15.0.201708311556/tools/compiler/bin/../lib/gcc/arm-none-eabi/6.3.1/../../../../arm-none-eabi/lib/thumb/v7e-m/fpv4-sp/hard\libc.a(lib_a-mallocr.o) (_sbrk_r)
c:/ac6/systemworkbench/plugins/fr.ac6.mcu.externaltools.arm-none.win32_1.15.0.201708311556/tools/compiler/bin/../lib/gcc/arm-none-eabi/6.3.1/../../../../arm-none-eabi/lib/thumb/v7e-m/fpv4-sp/hard\libc.a(lib_a-sprintf.o)
                              src/main.o (sprintf)
c:/ac6/systemworkbench/plugins/fr.ac6.mcu.externaltools.arm-none.win32_1.15.0.201708311556/tools/compiler/bin/../lib/gcc/arm-none-eabi/6.3.1/../../../../arm-none-eabi/lib/thumb/v7e-m/fpv4-sp/hard\libc.a(lib_a-strlen.o)
                              src/sdmodule.o (strlen)
c:/ac6/systemworkbench/plugins/fr.ac6.mcu.externaltools.arm-none.win32_1.15.0.201708311556/tools/compiler/bin/../lib/gcc/arm-none-eabi/6.3.1/../../../../arm-none-eabi/lib/thumb/v7e-m/fpv4-sp/hard\libc.a(lib_a-svfprintf.o)
[...]
Memory Configuration

Name             Origin             Length             Attributes
FLASH            0x08000000         0x00100000         xr
RAM              0x20000000         0x00030000         xrw
MEMORY_B1        0x60000000         0x00000000         xr
*default*        0x00000000         0xffffffff

Linker script and memory map

LOAD c:/ac6/systemworkbench/plugins/fr.ac6.mcu.externaltools.arm-none.win32_1.15.0.201708311556/tools/compiler/bin/../lib/gcc/arm-none-eabi/6.3.1/thumb/v7e-m/fpv4-sp/hard/crti.o
LOAD c:/ac6/systemworkbench/plugins/fr.ac6.mcu.externaltools.arm-none.win32_1.15.0.201708311556/tools/compiler/bin/../lib/gcc/arm-none-eabi/6.3.1/thumb/v7e-m/fpv4-sp/hard/crtbegin.o
LOAD c:/ac6/systemworkbench/plugins/fr.ac6.mcu.externaltools.arm-none.win32_1.15.0.201708311556/tools/compiler/bin/../lib/gcc/arm-none-eabi/6.3.1/../../../../arm-none-eabi/lib/thumb/v7e-m/fpv4-sp/hard/crt0.o
LOAD StdPeriph_Driver/src/misc.o
LOAD StdPeriph_Driver/src/stm32f4xx_adc.o
LOAD StdPeriph_Driver/src/stm32f4xx_can.o
LOAD StdPeriph_Driver/src/stm32f4xx_crc.o
LOAD StdPeriph_Driver/src/stm32f4xx_cryp.o
LOAD StdPeriph_Driver/src/stm32f4xx_cryp_aes.o
LOAD StdPeriph_Driver/src/stm32f4xx_cryp_des.o
LOAD StdPeriph_Driver/src/stm32f4xx_cryp_tdes.o
LOAD StdPeriph_Driver/src/stm32f4xx_dac.o
LOAD StdPeriph_Driver/src/stm32f4xx_dbgmcu.o
LOAD StdPeriph_Driver/src/stm32f4xx_dcmi.o
LOAD StdPeriph_Driver/src/stm32f4xx_dma.o
LOAD StdPeriph_Driver/src/stm32f4xx_exti.o
LOAD StdPeriph_Driver/src/stm32f4xx_flash.o
LOAD StdPeriph_Driver/src/stm32f4xx_fsmc.o
LOAD StdPeriph_Driver/src/stm32f4xx_gpio.o
LOAD StdPeriph_Driver/src/stm32f4xx_hash.o
LOAD StdPeriph_Driver/src/stm32f4xx_hash_md5.o
LOAD StdPeriph_Driver/src/stm32f4xx_hash_sha1.o
LOAD StdPeriph_Driver/src/stm32f4xx_i2c.o
LOAD StdPeriph_Driver/src/stm32f4xx_iwdg.o
LOAD StdPeriph_Driver/src/stm32f4xx_pwr.o
LOAD StdPeriph_Driver/src/stm32f4xx_rcc.o
LOAD StdPeriph_Driver/src/stm32f4xx_rng.o
LOAD StdPeriph_Driver/src/stm32f4xx_rtc.o
LOAD StdPeriph_Driver/src/stm32f4xx_sdio.o
LOAD StdPeriph_Driver/src/stm32f4xx_spi.o
LOAD StdPeriph_Driver/src/stm32f4xx_syscfg.o
LOAD StdPeriph_Driver/src/stm32f4xx_tim.o
LOAD StdPeriph_Driver/src/stm32f4xx_usart.o
LOAD StdPeriph_Driver/src/stm32f4xx_wwdg.o
LOAD Utilities/stm32f4_discovery.o
LOAD Utilities/stm32f4_discovery_lis302dl.o
LOAD src/delay.o
LOAD src/ff.o
LOAD src/fpu.o
LOAD src/main.o
LOAD src/sdmodule.o
LOAD src/sensor.o
LOAD src/spi_sd.o
LOAD src/syscalls.o
LOAD src/system_stm32f4xx.o
LOAD src/tm_stm32f4_delay.o
LOAD src/tm_stm32f4_gpio.o
LOAD src/tm_stm32f4_hd44780.o
LOAD startup/startup_stm32f4xx.o
LOAD c:/ac6/systemworkbench/plugins/fr.ac6.mcu.externaltools.arm-none.win32_1.15.0.201708311556/tools/compiler/bin/../lib/gcc/arm-none-eabi/6.3.1/../../../../arm-none-eabi/lib/thumb/v7e-m/fpv4-sp/hard\libm.a
START GROUP
LOAD c:/ac6/systemworkbench/plugins/fr.ac6.mcu.externaltools.arm-none.win32_1.15.0.201708311556/tools/compiler/bin/../lib/gcc/arm-none-eabi/6.3.1/thumb/v7e-m/fpv4-sp/hard\libgcc.a
LOAD c:/ac6/systemworkbench/plugins/fr.ac6.mcu.externaltools.arm-none.win32_1.15.0.201708311556/tools/compiler/bin/../lib/gcc/arm-none-eabi/6.3.1/../../../../arm-none-eabi/lib/thumb/v7e-m/fpv4-sp/hard\libc.a
END GROUP
LOAD c:/ac6/systemworkbench/plugins/fr.ac6.mcu.externaltools.arm-none.win32_1.15.0.201708311556/tools/compiler/bin/../lib/gcc/arm-none-eabi/6.3.1/thumb/v7e-m/fpv4-sp/hard/crtend.o
LOAD c:/ac6/systemworkbench/plugins/fr.ac6.mcu.externaltools.arm-none.win32_1.15.0.201708311556/tools/compiler/bin/../lib/gcc/arm-none-eabi/6.3.1/thumb/v7e-m/fpv4-sp/hard/crtn.o
                0x20020000                _estack = 0x20020000
                0x00000000                _Min_Heap_Size = 0x0
                0x00000400                _Min_Stack_Size = 0x400

.isr_vector     0x08000000      0x188
                0x08000000                . = ALIGN (0x4)
 *(.isr_vector)
 .isr_vector    0x08000000      0x188 startup/startup_stm32f4xx.o
                0x08000000                g_pfnVectors
                0x08000188                . = ALIGN (0x4)

.text           0x080001c0     0x84e8
                0x080001c0                . = ALIGN (0x4)
 *(.text)
 .text          0x080001c0       0x6c c:/ac6/systemworkbench/plugins/fr.ac6.mcu.externaltools.arm-none.win32_1.15.0.201708311556/tools/compiler/bin/../lib/gcc/arm-none-eabi/6.3.1/thumb/v7e-m/fpv4-sp/hard/crtbegin.o
 *fill*         0x0800022c       0x14 
 .text          0x08000240       0xdc c:/ac6/systemworkbench/plugins/fr.ac6.mcu.externaltools.arm-none.win32_1.15.0.201708311556/tools/compiler/bin/../lib/gcc/arm-none-eabi/6.3.1/../../../../arm-none-eabi/lib/thumb/v7e-m/fpv4-sp/hard\libc.a(lib_a-strlen.o)
                0x08000240                strlen
 *fill*         0x0800031c        0x4 
 .text          0x08000320       0xa0 c:/ac6/systemworkbench/plugins/fr.ac6.mcu.externaltools.arm-none.win32_1.15.0.201708311556/tools/compiler/bin/../lib/gcc/arm-none-eabi/6.3.1/../../../../arm-none-eabi/lib/thumb/v7e-m/fpv4-sp/hard\libc.a(lib_a-memchr.o)
                0x08000320                memchr
 .text          0x080003c0      0x134 c:/ac6/systemworkbench/plugins/fr.ac6.mcu.externaltools.arm-none.win32_1.15.0.201708311556/tools/compiler/bin/../lib/gcc/arm-none-eabi/6.3.1/../../../../arm-none-eabi/lib/thumb/v7e-m/fpv4-sp/hard\libc.a(lib_a-memcpy.o)
                0x080003c0                memcpy
 .text          0x080004f4      0x370 c:/ac6/systemworkbench/plugins/fr.ac6.mcu.externaltools.arm-none.win32_1.15.0.201708311556/tools/compiler/bin/../lib/gcc/arm-none-eabi/6.3.1/thumb/v7e-m/fpv4-sp/hard\libgcc.a(_arm_addsubdf3.o)
                0x080004f4                __aeabi_drsub
                0x080004fc                __aeabi_dsub
                0x080004fc                __subdf3
                0x08000500                __aeabi_dadd
                0x08000500                __adddf3
                0x08000778                __floatunsidf
                0x08000778                __aeabi_ui2d
                0x08000798                __floatsidf
                0x08000798                __aeabi_i2d
                0x080007bc                __aeabi_f2d
                0x080007bc                __extendsfdf2
                0x080007f8                __floatundidf
                0x080007f8                __aeabi_ul2d
                0x08000808                __floatdidf
                0x08000808                __aeabi_l2d
 .text          0x08000864      0x424 c:/ac6/systemworkbench/plugins/fr.ac6.mcu.externaltools.arm-none.win32_1.15.0.201708311556/tools/compiler/bin/../lib/gcc/arm-none-eabi/6.3.1/thumb/v7e-m/fpv4-sp/hard\libgcc.a(_arm_muldivdf3.o)
                0x08000864                __aeabi_dmul
                0x08000864                __muldf3
                0x08000ab8                __divdf3
                0x08000ab8                __aeabi_ddiv
 .text          0x08000c88      0x110 c:/ac6/systemworkbench/plugins/fr.ac6.mcu.externaltools.arm-none.win32_1.15.0.201708311556/tools/compiler/bin/../lib/gcc/arm-none-eabi/6.3.1/thumb/v7e-m/fpv4-sp/hard\libgcc.a(_arm_cmpdf2.o)
                0x08000c88                __gtdf2
                0x08000c88                __gedf2
                0x08000c90                __ltdf2
                0x08000c90                __ledf2
                0x08000c98                __nedf2
                0x08000c98                __eqdf2
                0x08000c98                __cmpdf2
                0x08000d14                __aeabi_cdrcmple
                0x08000d24                __aeabi_cdcmpeq
                0x08000d24                __aeabi_cdcmple
                0x08000d34                __aeabi_dcmpeq
                0x08000d48                __aeabi_dcmplt
                0x08000d5c                __aeabi_dcmple
                0x08000d70                __aeabi_dcmpge
                0x08000d84                __aeabi_dcmpgt
 .text          0x08000d98       0x2c c:/ac6/systemworkbench/plugins/fr.ac6.mcu.externaltools.arm-none.win32_1.15.0.201708311556/tools/compiler/bin/../lib/gcc/arm-none-eabi/6.3.1/thumb/v7e-m/fpv4-sp/hard\libgcc.a(_arm_unorddf2.o)
                0x08000d98                __unorddf2
                0x08000d98                __aeabi_dcmpun
 .text          0x08000dc4       0x50 c:/ac6/systemworkbench/plugins/fr.ac6.mcu.externaltools.arm-none.win32_1.15.0.201708311556/tools/compiler/bin/../lib/gcc/arm-none-eabi/6.3.1/thumb/v7e-m/fpv4-sp/hard\libgcc.a(_arm_fixdfsi.o)
                0x08000dc4                __aeabi_d2iz
                0x08000dc4                __fixdfsi
 .text          0x08000e14       0x30 c:/ac6/systemworkbench/plugins/fr.ac6.mcu.externaltools.arm-none.win32_1.15.0.201708311556/tools/compiler/bin/../lib/gcc/arm-none-eabi/6.3.1/thumb/v7e-m/fpv4-sp/hard\libgcc.a(_aeabi_uldivmod.o)
                0x08000e14                __aeabi_uldivmod
 .text          0x08000e44      0x2dc c:/ac6/systemworkbench/plugins/fr.ac6.mcu.externaltools.arm-none.win32_1.15.0.201708311556/tools/compiler/bin/../lib/gcc/arm-none-eabi/6.3.1/thumb/v7e-m/fpv4-sp/hard\libgcc.a(_udivmoddi4.o)
                0x08000e44                __udivmoddi4
 .text          0x08001120        0x4 c:/ac6/systemworkbench/plugins/fr.ac6.mcu.externaltools.arm-none.win32_1.15.0.201708311556/tools/compiler/bin/../lib/gcc/arm-none-eabi/6.3.1/thumb/v7e-m/fpv4-sp/hard\libgcc.a(_dvmd_tls.o)
                0x08001120                __aeabi_idiv0
                0x08001120                __aeabi_ldiv0
 *(.text*)
 .text.GPIO_Init
                0x08001124      0x11c StdPeriph_Driver/src/stm32f4xx_gpio.o
                0x08001124                GPIO_Init
 .text.GPIO_ReadInputDataBit
                0x08001240       0x34 StdPeriph_Driver/src/stm32f4xx_gpio.o
                0x08001240                GPIO_ReadInputDataBit
 .text.GPIO_SetBits
                0x08001274       0x1e StdPeriph_Driver/src/stm32f4xx_gpio.o
                0x08001274                GPIO_SetBits
 *fill*         0x08001292        0x2 
 .text.RCC_AHB1PeriphClockCmd
                0x08001294       0x40 StdPeriph_Driver/src/stm32f4xx_rcc.o
                0x08001294                RCC_AHB1PeriphClockCmd
 .text.RCC_APB1PeriphClockCmd
                0x080012d4       0x40 StdPeriph_Driver/src/stm32f4xx_rcc.o
                0x080012d4                RCC_APB1PeriphClockCmd
 .text.TIM_TimeBaseInit
                0x08001314       0xd8 StdPeriph_Driver/src/stm32f4xx_tim.o
                0x08001314                TIM_TimeBaseInit
 .text.TIM_Cmd  0x080013ec       0x40 StdPeriph_Driver/src/stm32f4xx_tim.o
                0x080013ec                TIM_Cmd
 .text.delay_init
                0x0800142c       0x34 src/delay.o
                0x0800142c                delay_init
 .text.delay_ms
                0x08001460       0x26 src/delay.o
                0x08001460                delay_ms
 *fill*         0x08001486        0x2 
 .text.delay_us
                0x08001488       0x60 src/delay.o
                0x08001488                delay_us
 .text.mem_cpy  0x080014e8       0x3c src/ff.o
 .text.mem_set  0x08001524       0x34 src/ff.o
 .text.mem_cmp  0x08001558       0x4e src/ff.o
 .text.chk_chr  0x080015a6       0x36 src/ff.o
 .text.move_window
                0x080015dc       0xb4 src/ff.o
 .text.sync     0x08001690      0x142 src/ff.o
 .text.clust2sect
                0x080017d2       0x3e src/ff.o
                0x080017d2                clust2sect
 .text.get_fat  0x08001810      0x15e src/ff.o
                0x08001810                get_fat
 .text.put_fat  0x0800196e      0x200 src/ff.o
                0x0800196e                put_fat
 .text.remove_chain
                0x08001b6e       0x9e src/ff.o
 .text.create_chain
                0x08001c0c      0x112 src/ff.o
 .text.dir_sdi  0x08001d1e      0x104 src/ff.o
 .text.dir_next
                0x08001e22      0x1a8 src/ff.o
 .text.dir_find
                0x08001fca       0x96 src/ff.o
 .text.dir_register
                0x08002060       0xae src/ff.o
 *fill*         0x0800210e        0x2 
 .text.create_name
                0x08002110      0x168 src/ff.o
 .text.follow_path
                0x08002278       0xfa src/ff.o
 *fill*         0x08002372        0x2 
 .text.check_fs
                0x08002374       0xcc src/ff.o
 .text.chk_mounted
                0x08002440      0x520 src/ff.o
 .text.validate
                0x08002960       0x4a src/ff.o
 *fill*         0x080029aa        0x2 
 .text.f_mount  0x080029ac       0x54 src/ff.o
                0x080029ac                f_mount
 .text.f_open   0x08002a00      0x2da src/ff.o
                0x08002a00                f_open
 .text.f_read   0x08002cda      0x2b0 src/ff.o
                0x08002cda                f_read
 .text.f_sync   0x08002f8a      0x17e src/ff.o
                0x08002f8a                f_sync
 .text.f_close  0x08003108       0x28 src/ff.o
                0x08003108                f_close
 .text.fpu_enable
                0x08003130       0x24 src/fpu.o
                0x08003130                fpu_enable
 .text.Delayms  0x08003154       0x58 src/main.o
 .text.init_counter
                0x080031ac       0x14 src/main.o
                0x080031ac                init_counter
 .text.main     0x080031c0      0x204 src/main.o
                0x080031c0                main
 .text.SDmodule_Configuration
                0x080033c4       0x1a src/sdmodule.o
                0x080033c4                SDmodule_Configuration
 *fill*         0x080033de        0x2 
 .text.SDmodule_ReadFile
                0x080033e0       0x90 src/sdmodule.o
                0x080033e0                SDmodule_ReadFile
 .text.SELECT   0x08003470       0x24 src/spi_sd.o
 .text.DESELECT
                0x08003494       0x24 src/spi_sd.o
 .text.SPI_SD_Init
                0x080034b8       0xac src/spi_sd.o
                0x080034b8                SPI_SD_Init
 .text.xmit_spi
                0x08003564       0x34 src/spi_sd.o
 .text.rcvr_spi
                0x08003598       0x4c src/spi_sd.o
 .text.rcvr_spi_m
                0x080035e4       0x1c src/spi_sd.o
 .text.wait_ready
                0x08003600       0x38 src/spi_sd.o
 .text.power_on
                0x08003638       0x34 src/spi_sd.o
 .text.power_off
                0x0800366c       0x18 src/spi_sd.o
 .text.chk_power
                0x08003684       0x18 src/spi_sd.o
 .text.rcvr_datablock
                0x0800369c       0x6c src/spi_sd.o
 .text.xmit_datablock
                0x08003708       0xa8 src/spi_sd.o
 .text.send_cmd
                0x080037b0       0xa4 src/spi_sd.o
 .text.disk_initialize
                0x08003854      0x1d4 src/spi_sd.o
                0x08003854                disk_initialize
 .text.disk_status
                0x08003a28       0x2c src/spi_sd.o
                0x08003a28                disk_status
 .text.disk_read
                0x08003a54       0xd8 src/spi_sd.o
                0x08003a54                disk_read
 .text.disk_write
                0x08003b2c      0x110 src/spi_sd.o
                0x08003b2c                disk_write
 .text.disk_ioctl
                0x08003c3c      0x264 src/spi_sd.o
                0x08003c3c                disk_ioctl
 .text.get_fattime
                0x08003ea0       0x14 src/spi_sd.o
                0x08003ea0                get_fattime
 .text._sbrk    0x08003eb4       0x58 src/syscalls.o
                0x08003eb4                _sbrk
 .text.SystemInit
                0x08003f0c       0x5c src/system_stm32f4xx.o
                0x08003f0c                SystemInit
 .text.SetSysClock
                0x08003f68      0x128 src/system_stm32f4xx.o
 .text.NVIC_SetPriority
                0x08004090       0x54 src/tm_stm32f4_delay.o
 .text.SysTick_Config
                0x080040e4       0x44 src/tm_stm32f4_delay.o
 .text.SysTick_Handler
                0x08004128       0xf0 src/tm_stm32f4_delay.o
                0x08004128                SysTick_Handler
 .text.TM_DELAY_Init
                0x08004218       0x50 src/tm_stm32f4_delay.o
                0x08004218                TM_DELAY_Init
 .text.TM_GPIO_Init
                0x08004268       0x46 src/tm_stm32f4_gpio.o
                0x08004268                TM_GPIO_Init
 .text.TM_GPIO_GetPortSource
                0x080042ae       0x22 src/tm_stm32f4_gpio.o
                0x080042ae                TM_GPIO_GetPortSource
 .text.TM_GPIO_INT_EnableClock
                0x080042d0       0x30 src/tm_stm32f4_gpio.o
                0x080042d0                TM_GPIO_INT_EnableClock
 .text.TM_GPIO_INT_Init
                0x08004300      0x10c src/tm_stm32f4_gpio.o
                0x08004300                TM_GPIO_INT_Init
 .text.Delay    0x0800440c       0x5c src/tm_stm32f4_hd44780.o
 .text.TM_HD44780_Init
                0x08004468       0xd0 src/tm_stm32f4_hd44780.o
                0x08004468                TM_HD44780_Init
 .text.TM_HD44780_Clear
                0x08004538       0x16 src/tm_stm32f4_hd44780.o
                0x08004538                TM_HD44780_Clear
 *fill*         0x0800454e        0x2 
 .text.TM_HD44780_Puts
                0x08004550       0xb8 src/tm_stm32f4_hd44780.o
                0x08004550                TM_HD44780_Puts
 .text.TM_HD44780_DisplayOn
                0x08004608       0x2c src/tm_stm32f4_hd44780.o
                0x08004608                TM_HD44780_DisplayOn
 .text.TM_HD44780_Cmd
                0x08004634       0x38 src/tm_stm32f4_hd44780.o
 .text.TM_HD44780_Data
                0x0800466c       0x38 src/tm_stm32f4_hd44780.o
 .text.TM_HD44780_Cmd4bit
                0x080046a4       0xa4 src/tm_stm32f4_hd44780.o
 .text.TM_HD44780_CursorSet
                0x08004748       0x64 src/tm_stm32f4_hd44780.o
 .text.TM_HD44780_InitPins
                0x080047ac       0xc0 src/tm_stm32f4_hd44780.o
 .text.Reset_Handler
                0x0800486c       0x48 startup/startup_stm32f4xx.o
                0x0800486c                Reset_Handler
 .text.Default_Handler
                0x080048b4        0x2 startup/startup_stm32f4xx.o
                0x080048b4                RTC_Alarm_IRQHandler
                0x080048b4                HASH_RNG_IRQHandler
                0x080048b4                EXTI2_IRQHandler
                0x080048b4                TIM8_CC_IRQHandler
                0x080048b4                DebugMon_Handler
                0x080048b4                TIM1_CC_IRQHandler
                0x080048b4                DMA2_Stream5_IRQHandler
                0x080048b4                HardFault_Handler
                0x080048b4                DMA1_Stream5_IRQHandler
                0x080048b4                PVD_IRQHandler
                0x080048b4                SDIO_IRQHandler
                0x080048b4                TAMP_STAMP_IRQHandler
                0x080048b4                PendSV_Handler
                0x080048b4                NMI_Handler
                0x080048b4                CAN2_RX1_IRQHandler
                0x080048b4                EXTI3_IRQHandler
                0x080048b4                TIM8_TRG_COM_TIM14_IRQHandler
                0x080048b4                TIM1_UP_TIM10_IRQHandler
                0x080048b4                TIM8_UP_TIM13_IRQHandler
                0x080048b4                I2C3_ER_IRQHandler
                0x080048b4                EXTI0_IRQHandler
                0x080048b4                I2C2_EV_IRQHandler
                0x080048b4                DMA1_Stream2_IRQHandler
                0x080048b4                CAN1_RX0_IRQHandler
                0x080048b4                FPU_IRQHandler
                0x080048b4                OTG_HS_WKUP_IRQHandler
                0x080048b4                UsageFault_Handler
                0x080048b4                CAN2_SCE_IRQHandler
                0x080048b4                DMA2_Stream2_IRQHandler
                0x080048b4                SPI1_IRQHandler
                0x080048b4                TIM6_DAC_IRQHandler
                0x080048b4                TIM1_BRK_TIM9_IRQHandler
                0x080048b4                DCMI_IRQHandler
                0x080048b4                CAN2_RX0_IRQHandler
                0x080048b4                DMA2_Stream3_IRQHandler
                0x080048b4                USART6_IRQHandler
                0x080048b4                USART3_IRQHandler
                0x080048b4                CRYP_IRQHandler
                0x080048b4                CAN1_RX1_IRQHandler
                0x080048b4                UART5_IRQHandler
                0x080048b4                DMA2_Stream0_IRQHandler
                0x080048b4                TIM4_IRQHandler
                0x080048b4                I2C1_EV_IRQHandler
                0x080048b4                DMA1_Stream6_IRQHandler
                0x080048b4                DMA1_Stream1_IRQHandler
                0x080048b4                UART4_IRQHandler
                0x080048b4                TIM3_IRQHandler
                0x080048b4                RCC_IRQHandler
                0x080048b4                TIM8_BRK_TIM12_IRQHandler
                0x080048b4                Default_Handler
                0x080048b4                EXTI15_10_IRQHandler
                0x080048b4                ADC_IRQHandler
                0x080048b4                DMA1_Stream7_IRQHandler
                0x080048b4                TIM7_IRQHandler
                0x080048b4                CAN2_TX_IRQHandler
                0x080048b4                TIM5_IRQHandler
                0x080048b4                DMA2_Stream7_IRQHandler
                0x080048b4                I2C3_EV_IRQHandler
                0x080048b4                EXTI9_5_IRQHandler
                0x080048b4                RTC_WKUP_IRQHandler
                0x080048b4                ETH_WKUP_IRQHandler
                0x080048b4                SPI2_IRQHandler
                0x080048b4                OTG_HS_EP1_IN_IRQHandler
                0x080048b4                MemManage_Handler
                0x080048b4                DMA1_Stream0_IRQHandler
                0x080048b4                CAN1_TX_IRQHandler
                0x080048b4                SVC_Handler
                0x080048b4                EXTI4_IRQHandler
                0x080048b4                FSMC_IRQHandler
                0x080048b4                ETH_IRQHandler
                0x080048b4                OTG_HS_EP1_OUT_IRQHandler
                0x080048b4                WWDG_IRQHandler
                0x080048b4                TIM2_IRQHandler
                0x080048b4                OTG_FS_WKUP_IRQHandler
                0x080048b4                TIM1_TRG_COM_TIM11_IRQHandler
                0x080048b4                OTG_HS_IRQHandler
                0x080048b4                EXTI1_IRQHandler
                0x080048b4                USART2_IRQHandler
                0x080048b4                I2C2_ER_IRQHandler
                0x080048b4                DMA2_Stream1_IRQHandler
                0x080048b4                CAN1_SCE_IRQHandler
                0x080048b4                FLASH_IRQHandler
                0x080048b4                DMA2_Stream4_IRQHandler
                0x080048b4                BusFault_Handler
                0x080048b4                USART1_IRQHandler
                0x080048b4                OTG_FS_IRQHandler
                0x080048b4                SPI3_IRQHandler
                0x080048b4                DMA1_Stream4_IRQHandler
                0x080048b4                I2C1_ER_IRQHandler
                0x080048b4                DMA2_Stream6_IRQHandler
                0x080048b4                DMA1_Stream3_IRQHandler
 *fill*         0x080048b6        0x2 
 .text.__errno  0x080048b8        0xc c:/ac6/systemworkbench/plugins/fr.ac6.mcu.externaltools.arm-none.win32_1.15.0.201708311556/tools/compiler/bin/../lib/gcc/arm-none-eabi/6.3.1/../../../../arm-none-eabi/lib/thumb/v7e-m/fpv4-sp/hard\libc.a(lib_a-errno.o)
                0x080048b8                __errno
 .text.__libc_init_array
                0x080048c4       0x50 c:/ac6/systemworkbench/plugins/fr.ac6.mcu.externaltools.arm-none.win32_1.15.0.201708311556/tools/compiler/bin/../lib/gcc/arm-none-eabi/6.3.1/../../../../arm-none-eabi/lib/thumb/v7e-m/fpv4-sp/hard\libc.a(lib_a-init.o)
                0x080048c4                __libc_init_array
 .text.malloc   0x08004914       0x10 c:/ac6/systemworkbench/plugins/fr.ac6.mcu.externaltools.arm-none.win32_1.15.0.201708311556/tools/compiler/bin/../lib/gcc/arm-none-eabi/6.3.1/../../../../arm-none-eabi/lib/thumb/v7e-m/fpv4-sp/hard\libc.a(lib_a-malloc.o)
                0x08004914                malloc
 .text._malloc_r
                0x08004924      0x560 c:/ac6/systemworkbench/plugins/fr.ac6.mcu.externaltools.arm-none.win32_1.15.0.201708311556/tools/compiler/bin/../lib/gcc/arm-none-eabi/6.3.1/../../../../arm-none-eabi/lib/thumb/v7e-m/fpv4-sp/hard\libc.a(lib_a-mallocr.o)
                0x08004924                _malloc_r
 .text.memset   0x08004e84       0x9c c:/ac6/systemworkbench/plugins/fr.ac6.mcu.externaltools.arm-none.win32_1.15.0.201708311556/tools/compiler/bin/../lib/gcc/arm-none-eabi/6.3.1/../../../../arm-none-eabi/lib/thumb/v7e-m/fpv4-sp/hard\libc.a(lib_a-memset.o)
                0x08004e84                memset
 .text.__malloc_lock
                0x08004f20        0xc c:/ac6/systemworkbench/plugins/fr.ac6.mcu.externaltools.arm-none.win32_1.15.0.201708311556/tools/compiler/bin/../lib/gcc/arm-none-eabi/6.3.1/../../../../arm-none-eabi/lib/thumb/v7e-m/fpv4-sp/hard\libc.a(lib_a-mlock.o)
                0x08004f20                __malloc_lock
 .text.__malloc_unlock
                0x08004f2c        0xc c:/ac6/systemworkbench/plugins/fr.ac6.mcu.externaltools.arm-none.win32_1.15.0.201708311556/tools/compiler/bin/../lib/gcc/arm-none-eabi/6.3.1/../../../../arm-none-eabi/lib/thumb/v7e-m/fpv4-sp/hard\libc.a(lib_a-mlock.o)
                0x08004f2c                __malloc_unlock
 .text.rand     0x08004f38       0x40 c:/ac6/systemworkbench/plugins/fr.ac6.mcu.externaltools.arm-none.win32_1.15.0.201708311556/tools/compiler/bin/../lib/gcc/arm-none-eabi/6.3.1/../../../../arm-none-eabi/lib/thumb/v7e-m/fpv4-sp/hard\libc.a(lib_a-rand.o)
                0x08004f38                rand
 .text._sbrk_r  0x08004f78       0x24 c:/ac6/systemworkbench/plugins/fr.ac6.mcu.externaltools.arm-none.win32_1.15.0.201708311556/tools/compiler/bin/../lib/gcc/arm-none-eabi/6.3.1/../../../../arm-none-eabi/lib/thumb/v7e-m/fpv4-sp/hard\libc.a(lib_a-sbrkr.o)
                0x08004f78                _sbrk_r
 .text.sprintf  0x08004f9c       0x4c c:/ac6/systemworkbench/plugins/fr.ac6.mcu.externaltools.arm-none.win32_1.15.0.201708311556/tools/compiler/bin/../lib/gcc/arm-none-eabi/6.3.1/../../../../arm-none-eabi/lib/thumb/v7e-m/fpv4-sp/hard\libc.a(lib_a-sprintf.o)
                0x08004f9c                sprintf
 .text._svfprintf_r
                0x08004fe8     0x1494 c:/ac6/systemworkbench/plugins/fr.ac6.mcu.externaltools.arm-none.win32_1.15.0.201708311556/tools/compiler/bin/../lib/gcc/arm-none-eabi/6.3.1/../../../../arm-none-eabi/lib/thumb/v7e-m/fpv4-sp/hard\libc.a(lib_a-svfprintf.o)
                0x08004fe8                _svfprintf_r
 .text.startup.register_fini
                0x0800647c       0x14 c:/ac6/systemworkbench/plugins/fr.ac6.mcu.externaltools.arm-none.win32_1.15.0.201708311556/tools/compiler/bin/../lib/gcc/arm-none-eabi/6.3.1/../../../../arm-none-eabi/lib/thumb/v7e-m/fpv4-sp/hard\libc.a(lib_a-__call_atexit.o)
 .text.atexit   0x08006490        0xc c:/ac6/systemworkbench/plugins/fr.ac6.mcu.externaltools.arm-none.win32_1.15.0.201708311556/tools/compiler/bin/../lib/gcc/arm-none-eabi/6.3.1/../../../../arm-none-eabi/lib/thumb/v7e-m/fpv4-sp/hard\libc.a(lib_a-atexit.o)
                0x08006490                atexit
 .text.quorem   0x0800649c      0x128 c:/ac6/systemworkbench/plugins/fr.ac6.mcu.externaltools.arm-none.win32_1.15.0.201708311556/tools/compiler/bin/../lib/gcc/arm-none-eabi/6.3.1/../../../../arm-none-eabi/lib/thumb/v7e-m/fpv4-sp/hard\libc.a(lib_a-dtoa.o)
 *fill*         0x080065c4        0x4 
 .text._dtoa_r  0x080065c8      0xe4c c:/ac6/systemworkbench/plugins/fr.ac6.mcu.externaltools.arm-none.win32_1.15.0.201708311556/tools/compiler/bin/../lib/gcc/arm-none-eabi/6.3.1/../../../../arm-none-eabi/lib/thumb/v7e-m/fpv4-sp/hard\libc.a(lib_a-dtoa.o)
                0x080065c8                _dtoa_r
 .text.__libc_fini_array
                0x08007414       0x34 c:/ac6/systemworkbench/plugins/fr.ac6.mcu.externaltools.arm-none.win32_1.15.0.201708311556/tools/compiler/bin/../lib/gcc/arm-none-eabi/6.3.1/../../../../arm-none-eabi/lib/thumb/v7e-m/fpv4-sp/hard\libc.a(lib_a-fini.o)
                0x08007414                __libc_fini_array
 .text._malloc_trim_r
                0x08007448       0xa0 c:/ac6/systemworkbench/plugins/fr.ac6.mcu.externaltools.arm-none.win32_1.15.0.201708311556/tools/compiler/bin/../lib/gcc/arm-none-eabi/6.3.1/../../../../arm-none-eabi/lib/thumb/v7e-m/fpv4-sp/hard\libc.a(lib_a-freer.o)
                0x08007448                _malloc_trim_r
 .text._free_r  0x080074e8      0x1cc c:/ac6/systemworkbench/plugins/fr.ac6.mcu.externaltools.arm-none.win32_1.15.0.201708311556/tools/compiler/bin/../lib/gcc/arm-none-eabi/6.3.1/../../../../arm-none-eabi/lib/thumb/v7e-m/fpv4-sp/hard\libc.a(lib_a-freer.o)
                0x080074e8                _free_r
 .text._localeconv_r
                0x080076b4       0x1c c:/ac6/systemworkbench/plugins/fr.ac6.mcu.externaltools.arm-none.win32_1.15.0.201708311556/tools/compiler/bin/../lib/gcc/arm-none-eabi/6.3.1/../../../../arm-none-eabi/lib/thumb/v7e-m/fpv4-sp/hard\libc.a(lib_a-localeconv.o)
                0x080076b4                _localeconv_r
 .text.__retarget_lock_acquire_recursive
                0x080076d0        0x4 c:/ac6/systemworkbench/plugins/fr.ac6.mcu.externaltools.arm-none.win32_1.15.0.201708311556/tools/compiler/bin/../lib/gcc/arm-none-eabi/6.3.1/../../../../arm-none-eabi/lib/thumb/v7e-m/fpv4-sp/hard\libc.a(lib_a-lock.o)
                0x080076d0                __retarget_lock_acquire_recursive
 .text.__retarget_lock_release_recursive
                0x080076d4        0x4 c:/ac6/systemworkbench/plugins/fr.ac6.mcu.externaltools.arm-none.win32_1.15.0.201708311556/tools/compiler/bin/../lib/gcc/arm-none-eabi/6.3.1/../../../../arm-none-eabi/lib/thumb/v7e-m/fpv4-sp/hard\libc.a(lib_a-lock.o)
                0x080076d4                __retarget_lock_release_recursive
 .text._Balloc  0x080076d8       0x4c c:/ac6/systemworkbench/plugins/fr.ac6.mcu.externaltools.arm-none.win32_1.15.0.201708311556/tools/compiler/bin/../lib/gcc/arm-none-eabi/6.3.1/../../../../arm-none-eabi/lib/thumb/v7e-m/fpv4-sp/hard\libc.a(lib_a-mprec.o)
                0x080076d8                _Balloc
 .text._Bfree   0x08007724       0x14 c:/ac6/systemworkbench/plugins/fr.ac6.mcu.externaltools.arm-none.win32_1.15.0.201708311556/tools/compiler/bin/../lib/gcc/arm-none-eabi/6.3.1/../../../../arm-none-eabi/lib/thumb/v7e-m/fpv4-sp/hard\libc.a(lib_a-mprec.o)
                0x08007724                _Bfree
 .text.__multadd
                0x08007738       0x80 c:/ac6/systemworkbench/plugins/fr.ac6.mcu.externaltools.arm-none.win32_1.15.0.201708311556/tools/compiler/bin/../lib/gcc/arm-none-eabi/6.3.1/../../../../arm-none-eabi/lib/thumb/v7e-m/fpv4-sp/hard\libc.a(lib_a-mprec.o)
                0x08007738                __multadd
 .text.__hi0bits
                0x080077b8       0x40 c:/ac6/systemworkbench/plugins/fr.ac6.mcu.externaltools.arm-none.win32_1.15.0.201708311556/tools/compiler/bin/../lib/gcc/arm-none-eabi/6.3.1/../../../../arm-none-eabi/lib/thumb/v7e-m/fpv4-sp/hard\libc.a(lib_a-mprec.o)
                0x080077b8                __hi0bits
 .text.__lo0bits
                0x080077f8       0x60 c:/ac6/systemworkbench/plugins/fr.ac6.mcu.externaltools.arm-none.win32_1.15.0.201708311556/tools/compiler/bin/../lib/gcc/arm-none-eabi/6.3.1/../../../../arm-none-eabi/lib/thumb/v7e-m/fpv4-sp/hard\libc.a(lib_a-mprec.o)
                0x080077f8                __lo0bits
 .text.__i2b    0x08007858       0x14 c:/ac6/systemworkbench/plugins/fr.ac6.mcu.externaltools.arm-none.win32_1.15.0.201708311556/tools/compiler/bin/../lib/gcc/arm-none-eabi/6.3.1/../../../../arm-none-eabi/lib/thumb/v7e-m/fpv4-sp/hard\libc.a(lib_a-mprec.o)
                0x08007858                __i2b
 .text.__multiply
                0x0800786c      0x124 c:/ac6/systemworkbench/plugins/fr.ac6.mcu.externaltools.arm-none.win32_1.15.0.201708311556/tools/compiler/bin/../lib/gcc/arm-none-eabi/6.3.1/../../../../arm-none-eabi/lib/thumb/v7e-m/fpv4-sp/hard\libc.a(lib_a-mprec.o)
                0x0800786c                __multiply
 .text.__pow5mult
                0x08007990       0xa0 c:/ac6/systemworkbench/plugins/fr.ac6.mcu.externaltools.arm-none.win32_1.15.0.201708311556/tools/compiler/bin/../lib/gcc/arm-none-eabi/6.3.1/../../../../arm-none-eabi/lib/thumb/v7e-m/fpv4-sp/hard\libc.a(lib_a-mprec.o)
                0x08007990                __pow5mult
 .text.__lshift
                0x08007a30       0xa4 c:/ac6/systemworkbench/plugins/fr.ac6.mcu.externaltools.arm-none.win32_1.15.0.201708311556/tools/compiler/bin/../lib/gcc/arm-none-eabi/6.3.1/../../../../arm-none-eabi/lib/thumb/v7e-m/fpv4-sp/hard\libc.a(lib_a-mprec.o)
                0x08007a30                __lshift
 .text.__mcmp   0x08007ad4       0x38 c:/ac6/systemworkbench/plugins/fr.ac6.mcu.externaltools.arm-none.win32_1.15.0.201708311556/tools/compiler/bin/../lib/gcc/arm-none-eabi/6.3.1/../../../../arm-none-eabi/lib/thumb/v7e-m/fpv4-sp/hard\libc.a(lib_a-mprec.o)
                0x08007ad4                __mcmp
 .text.__mdiff  0x08007b0c      0x108 c:/ac6/systemworkbench/plugins/fr.ac6.mcu.externaltools.arm-none.win32_1.15.0.201708311556/tools/compiler/bin/../lib/gcc/arm-none-eabi/6.3.1/../../../../arm-none-eabi/lib/thumb/v7e-m/fpv4-sp/hard\libc.a(lib_a-mprec.o)
                0x08007b0c                __mdiff
 .text.__d2b    0x08007c14       0xbc c:/ac6/systemworkbench/plugins/fr.ac6.mcu.externaltools.arm-none.win32_1.15.0.201708311556/tools/compiler/bin/../lib/gcc/arm-none-eabi/6.3.1/../../../../arm-none-eabi/lib/thumb/v7e-m/fpv4-sp/hard\libc.a(lib_a-mprec.o)
                0x08007c14                __d2b
 .text.__ssprint_r
                0x08007cd0       0xfc c:/ac6/systemworkbench/plugins/fr.ac6.mcu.externaltools.arm-none.win32_1.15.0.201708311556/tools/compiler/bin/../lib/gcc/arm-none-eabi/6.3.1/../../../../arm-none-eabi/lib/thumb/v7e-m/fpv4-sp/hard\libc.a(lib_a-svfiprintf.o)
                0x08007cd0                __ssprint_r
 .text.__register_exitproc
                0x08007dcc       0xc4 c:/ac6/systemworkbench/plugins/fr.ac6.mcu.externaltools.arm-none.win32_1.15.0.201708311556/tools/compiler/bin/../lib/gcc/arm-none-eabi/6.3.1/../../../../arm-none-eabi/lib/thumb/v7e-m/fpv4-sp/hard\libc.a(lib_a-__atexit.o)
                0x08007dcc                __register_exitproc
 .text._calloc_r
                0x08007e90       0x60 c:/ac6/systemworkbench/plugins/fr.ac6.mcu.externaltools.arm-none.win32_1.15.0.201708311556/tools/compiler/bin/../lib/gcc/arm-none-eabi/6.3.1/../../../../arm-none-eabi/lib/thumb/v7e-m/fpv4-sp/hard\libc.a(lib_a-callocr.o)
                0x08007e90                _calloc_r
 .text.__ascii_mbtowc
                0x08007ef0       0x2c c:/ac6/systemworkbench/plugins/fr.ac6.mcu.externaltools.arm-none.win32_1.15.0.201708311556/tools/compiler/bin/../lib/gcc/arm-none-eabi/6.3.1/../../../../arm-none-eabi/lib/thumb/v7e-m/fpv4-sp/hard\libc.a(lib_a-mbtowc_r.o)
                0x08007ef0                __ascii_mbtowc
 .text.memmove  0x08007f1c       0xc8 c:/ac6/systemworkbench/plugins/fr.ac6.mcu.externaltools.arm-none.win32_1.15.0.201708311556/tools/compiler/bin/../lib/gcc/arm-none-eabi/6.3.1/../../../../arm-none-eabi/lib/thumb/v7e-m/fpv4-sp/hard\libc.a(lib_a-memmove.o)
                0x08007f1c                memmove
 .text._realloc_r
                0x08007fe4      0x34c c:/ac6/systemworkbench/plugins/fr.ac6.mcu.externaltools.arm-none.win32_1.15.0.201708311556/tools/compiler/bin/../lib/gcc/arm-none-eabi/6.3.1/../../../../arm-none-eabi/lib/thumb/v7e-m/fpv4-sp/hard\libc.a(lib_a-reallocr.o)
                0x08007fe4                _realloc_r
 .text.__ascii_wctomb
                0x08008330       0x1c c:/ac6/systemworkbench/plugins/fr.ac6.mcu.externaltools.arm-none.win32_1.15.0.201708311556/tools/compiler/bin/../lib/gcc/arm-none-eabi/6.3.1/../../../../arm-none-eabi/lib/thumb/v7e-m/fpv4-sp/hard\libc.a(lib_a-wctomb_r.o)
                0x08008330                __ascii_wctomb
 *(.rodata)
 .rodata        0x0800834c       0x90 src/ff.o
 .rodata        0x080083dc       0x21 src/main.o
 *fill*         0x080083fd        0x3 
 .rodata        0x08008400        0x4 src/tm_stm32f4_hd44780.o
 *(.rodata*)
 .rodata._global_impure_ptr
                0x08008404        0x4 c:/ac6/systemworkbench/plugins/fr.ac6.mcu.externaltools.arm-none.win32_1.15.0.201708311556/tools/compiler/bin/../lib/gcc/arm-none-eabi/6.3.1/../../../../arm-none-eabi/lib/thumb/v7e-m/fpv4-sp/hard\libc.a(lib_a-impure.o)
                0x08008404                _global_impure_ptr
 .rodata._svfprintf_r.str1.4
                0x08008408       0x42 c:/ac6/systemworkbench/plugins/fr.ac6.mcu.externaltools.arm-none.win32_1.15.0.201708311556/tools/compiler/bin/../lib/gcc/arm-none-eabi/6.3.1/../../../../arm-none-eabi/lib/thumb/v7e-m/fpv4-sp/hard\libc.a(lib_a-svfprintf.o)
 *fill*         0x0800844a        0x2 
 .rodata.blanks.8346
                0x0800844c       0x10 c:/ac6/systemworkbench/plugins/fr.ac6.mcu.externaltools.arm-none.win32_1.15.0.201708311556/tools/compiler/bin/../lib/gcc/arm-none-eabi/6.3.1/../../../../arm-none-eabi/lib/thumb/v7e-m/fpv4-sp/hard\libc.a(lib_a-svfprintf.o)
 .rodata.zeroes.8347
                0x0800845c       0x10 c:/ac6/systemworkbench/plugins/fr.ac6.mcu.externaltools.arm-none.win32_1.15.0.201708311556/tools/compiler/bin/../lib/gcc/arm-none-eabi/6.3.1/../../../../arm-none-eabi/lib/thumb/v7e-m/fpv4-sp/hard\libc.a(lib_a-svfprintf.o)
 .rodata._dtoa_r.str1.4
                0x0800846c       0x10 c:/ac6/systemworkbench/plugins/fr.ac6.mcu.externaltools.arm-none.win32_1.15.0.201708311556/tools/compiler/bin/../lib/gcc/arm-none-eabi/6.3.1/../../../../arm-none-eabi/lib/thumb/v7e-m/fpv4-sp/hard\libc.a(lib_a-dtoa.o)
                                 0x12 (size before relaxing)
 *fill*         0x0800847c        0x4 
 .rodata.__mprec_bigtens
                0x08008480       0x28 c:/ac6/systemworkbench/plugins/fr.ac6.mcu.externaltools.arm-none.win32_1.15.0.201708311556/tools/compiler/bin/../lib/gcc/arm-none-eabi/6.3.1/../../../../arm-none-eabi/lib/thumb/v7e-m/fpv4-sp/hard\libc.a(lib_a-mprec.o)
                0x08008480                __mprec_bigtens
 .rodata.__mprec_tens
                0x080084a8       0xc8 c:/ac6/systemworkbench/plugins/fr.ac6.mcu.externaltools.arm-none.win32_1.15.0.201708311556/tools/compiler/bin/../lib/gcc/arm-none-eabi/6.3.1/../../../../arm-none-eabi/lib/thumb/v7e-m/fpv4-sp/hard\libc.a(lib_a-mprec.o)
                0x080084a8                __mprec_tens
 .rodata.p05.7178
                0x08008570        0xc c:/ac6/systemworkbench/plugins/fr.ac6.mcu.externaltools.arm-none.win32_1.15.0.201708311556/tools/compiler/bin/../lib/gcc/arm-none-eabi/6.3.1/../../../../arm-none-eabi/lib/thumb/v7e-m/fpv4-sp/hard\libc.a(lib_a-mprec.o)
 .rodata._setlocale_r.str1.4
                0x0800857c        0xa c:/ac6/systemworkbench/plugins/fr.ac6.mcu.externaltools.arm-none.win32_1.15.0.201708311556/tools/compiler/bin/../lib/gcc/arm-none-eabi/6.3.1/../../../../arm-none-eabi/lib/thumb/v7e-m/fpv4-sp/hard\libc.a(lib_a-locale.o)
                                  0xd (size before relaxing)
 *fill*         0x08008586        0x2 
 .rodata.str1.4
                0x08008588        0x4 c:/ac6/systemworkbench/plugins/fr.ac6.mcu.externaltools.arm-none.win32_1.15.0.201708311556/tools/compiler/bin/../lib/gcc/arm-none-eabi/6.3.1/../../../../arm-none-eabi/lib/thumb/v7e-m/fpv4-sp/hard\libc.a(lib_a-locale.o)
                                  0x2 (size before relaxing)
 .rodata._ctype_
                0x0800858c      0x101 c:/ac6/systemworkbench/plugins/fr.ac6.mcu.externaltools.arm-none.win32_1.15.0.201708311556/tools/compiler/bin/../lib/gcc/arm-none-eabi/6.3.1/../../../../arm-none-eabi/lib/thumb/v7e-m/fpv4-sp/hard\libc.a(lib_a-ctype_.o)
                0x0800858c                _ctype_
 *(.glue_7)
 .glue_7        0x0800868d        0x0 linker stubs
 *(.glue_7t)
 .glue_7t       0x0800868d        0x0 linker stubs
 *(.eh_frame)
 *fill*         0x0800868d        0x3 
 .eh_frame      0x08008690        0x0 c:/ac6/systemworkbench/plugins/fr.ac6.mcu.externaltools.arm-none.win32_1.15.0.201708311556/tools/compiler/bin/../lib/gcc/arm-none-eabi/6.3.1/thumb/v7e-m/fpv4-sp/hard/crtbegin.o
 *(.init)
 .init          0x08008690        0x4 c:/ac6/systemworkbench/plugins/fr.ac6.mcu.externaltools.arm-none.win32_1.15.0.201708311556/tools/compiler/bin/../lib/gcc/arm-none-eabi/6.3.1/thumb/v7e-m/fpv4-sp/hard/crti.o
                0x08008690                _init
 .init          0x08008694        0x8 c:/ac6/systemworkbench/plugins/fr.ac6.mcu.externaltools.arm-none.win32_1.15.0.201708311556/tools/compiler/bin/../lib/gcc/arm-none-eabi/6.3.1/thumb/v7e-m/fpv4-sp/hard/crtn.o
 *(.fini)
 .fini          0x0800869c        0x4 c:/ac6/systemworkbench/plugins/fr.ac6.mcu.externaltools.arm-none.win32_1.15.0.201708311556/tools/compiler/bin/../lib/gcc/arm-none-eabi/6.3.1/thumb/v7e-m/fpv4-sp/hard/crti.o
                0x0800869c                _fini
 .fini          0x080086a0        0x8 c:/ac6/systemworkbench/plugins/fr.ac6.mcu.externaltools.arm-none.win32_1.15.0.201708311556/tools/compiler/bin/../lib/gcc/arm-none-eabi/6.3.1/thumb/v7e-m/fpv4-sp/hard/crtn.o
                0x080086a8                . = ALIGN (0x4)
                0x080086a8                _etext = .

.vfp11_veneer   0x080086a8        0x0
 .vfp11_veneer  0x080086a8        0x0 linker stubs

.v4_bx          0x080086a8        0x0
 .v4_bx         0x080086a8        0x0 linker stubs

.iplt           0x080086a8        0x0
 .iplt          0x080086a8        0x0 c:/ac6/systemworkbench/plugins/fr.ac6.mcu.externaltools.arm-none.win32_1.15.0.201708311556/tools/compiler/bin/../lib/gcc/arm-none-eabi/6.3.1/thumb/v7e-m/fpv4-sp/hard/crtbegin.o

.ARM.extab
 *(.ARM.extab* .gnu.linkonce.armextab.*)

.ARM            0x080086a8        0x8
                0x080086a8                __exidx_start = .
 *(.ARM.exidx*)
 .ARM.exidx     0x080086a8        0x8 c:/ac6/systemworkbench/plugins/fr.ac6.mcu.externaltools.arm-none.win32_1.15.0.201708311556/tools/compiler/bin/../lib/gcc/arm-none-eabi/6.3.1/thumb/v7e-m/fpv4-sp/hard\libgcc.a(_udivmoddi4.o)
                0x080086b0                __exidx_end = .

.rel.dyn        0x080086b0        0x0
 .rel.iplt      0x080086b0        0x0 c:/ac6/systemworkbench/plugins/fr.ac6.mcu.externaltools.arm-none.win32_1.15.0.201708311556/tools/compiler/bin/../lib/gcc/arm-none-eabi/6.3.1/thumb/v7e-m/fpv4-sp/hard/crtbegin.o

.preinit_array  0x080086b0        0x0
                0x080086b0                PROVIDE (__preinit_array_start, .)
 *(.preinit_array*)
                0x080086b0                PROVIDE (__preinit_array_end, .)

.init_array     0x080086b0        0x8
                0x080086b0                PROVIDE (__init_array_start, .)
 *(SORT(.init_array.*))
 .init_array.00000
                0x080086b0        0x4 c:/ac6/systemworkbench/plugins/fr.ac6.mcu.externaltools.arm-none.win32_1.15.0.201708311556/tools/compiler/bin/../lib/gcc/arm-none-eabi/6.3.1/../../../../arm-none-eabi/lib/thumb/v7e-m/fpv4-sp/hard\libc.a(lib_a-__call_atexit.o)
 *(.init_array*)
 .init_array    0x080086b4        0x4 c:/ac6/systemworkbench/plugins/fr.ac6.mcu.externaltools.arm-none.win32_1.15.0.201708311556/tools/compiler/bin/../lib/gcc/arm-none-eabi/6.3.1/thumb/v7e-m/fpv4-sp/hard/crtbegin.o
                0x080086b8                PROVIDE (__init_array_end, .)

.fini_array     0x080086b8        0x4
                0x080086b8                PROVIDE (__fini_array_start, .)
 *(.fini_array*)
 .fini_array    0x080086b8        0x4 c:/ac6/systemworkbench/plugins/fr.ac6.mcu.externaltools.arm-none.win32_1.15.0.201708311556/tools/compiler/bin/../lib/gcc/arm-none-eabi/6.3.1/thumb/v7e-m/fpv4-sp/hard/crtbegin.o
 *(SORT(.fini_array.*))
                0x080086bc                PROVIDE (__fini_array_end, .)
                0x080086bc                _sidata = .

.data           0x20000000      0x9c8 load address 0x080086bc
                0x20000000                . = ALIGN (0x4)
                0x20000000                _sdata = .
 *(.data)
 .data          0x20000000        0x4 src/main.o
                0x20000000                NUMBEROFQUESTIONS
 .data          0x20000004        0x1 src/spi_sd.o
 *fill*         0x20000005        0x3 
 .data          0x20000008       0x14 src/system_stm32f4xx.o
                0x20000008                SystemCoreClock
                0x2000000c                AHBPrescTable
 *(.data*)
 .data._impure_ptr
                0x2000001c        0x4 c:/ac6/systemworkbench/plugins/fr.ac6.mcu.externaltools.arm-none.win32_1.15.0.201708311556/tools/compiler/bin/../lib/gcc/arm-none-eabi/6.3.1/../../../../arm-none-eabi/lib/thumb/v7e-m/fpv4-sp/hard\libc.a(lib_a-impure.o)
                0x2000001c                _impure_ptr
 .data.impure_data
                0x20000020      0x428 c:/ac6/systemworkbench/plugins/fr.ac6.mcu.externaltools.arm-none.win32_1.15.0.201708311556/tools/compiler/bin/../lib/gcc/arm-none-eabi/6.3.1/../../../../arm-none-eabi/lib/thumb/v7e-m/fpv4-sp/hard\libc.a(lib_a-impure.o)
 .data.__malloc_av_
                0x20000448      0x408 c:/ac6/systemworkbench/plugins/fr.ac6.mcu.externaltools.arm-none.win32_1.15.0.201708311556/tools/compiler/bin/../lib/gcc/arm-none-eabi/6.3.1/../../../../arm-none-eabi/lib/thumb/v7e-m/fpv4-sp/hard\libc.a(lib_a-mallocr.o)
                0x20000448                __malloc_av_
 .data.__malloc_sbrk_base
                0x20000850        0x4 c:/ac6/systemworkbench/plugins/fr.ac6.mcu.externaltools.arm-none.win32_1.15.0.201708311556/tools/compiler/bin/../lib/gcc/arm-none-eabi/6.3.1/../../../../arm-none-eabi/lib/thumb/v7e-m/fpv4-sp/hard\libc.a(lib_a-mallocr.o)
                0x20000850                __malloc_sbrk_base
 .data.__malloc_trim_threshold
                0x20000854        0x4 c:/ac6/systemworkbench/plugins/fr.ac6.mcu.externaltools.arm-none.win32_1.15.0.201708311556/tools/compiler/bin/../lib/gcc/arm-none-eabi/6.3.1/../../../../arm-none-eabi/lib/thumb/v7e-m/fpv4-sp/hard\libc.a(lib_a-mallocr.o)
                0x20000854                __malloc_trim_threshold
 .data.__atexit_recursive_mutex
                0x20000858        0x4 c:/ac6/systemworkbench/plugins/fr.ac6.mcu.externaltools.arm-none.win32_1.15.0.201708311556/tools/compiler/bin/../lib/gcc/arm-none-eabi/6.3.1/../../../../arm-none-eabi/lib/thumb/v7e-m/fpv4-sp/hard\libc.a(lib_a-__call_atexit.o)
                0x20000858                __atexit_recursive_mutex
 .data.__global_locale
                0x2000085c      0x16c c:/ac6/systemworkbench/plugins/fr.ac6.mcu.externaltools.arm-none.win32_1.15.0.201708311556/tools/compiler/bin/../lib/gcc/arm-none-eabi/6.3.1/../../../../arm-none-eabi/lib/thumb/v7e-m/fpv4-sp/hard\libc.a(lib_a-locale.o)
                0x2000085c                __global_locale
                0x200009c8                . = ALIGN (0x4)
                0x200009c8                _edata = .

.jcr            0x200009c8        0x0 load address 0x08009084
 .jcr           0x200009c8        0x0 c:/ac6/systemworkbench/plugins/fr.ac6.mcu.externaltools.arm-none.win32_1.15.0.201708311556/tools/compiler/bin/../lib/gcc/arm-none-eabi/6.3.1/thumb/v7e-m/fpv4-sp/hard/crtbegin.o

.igot.plt       0x200009c8        0x0 load address 0x08009084
 .igot.plt      0x200009c8        0x0 c:/ac6/systemworkbench/plugins/fr.ac6.mcu.externaltools.arm-none.win32_1.15.0.201708311556/tools/compiler/bin/../lib/gcc/arm-none-eabi/6.3.1/thumb/v7e-m/fpv4-sp/hard/crtbegin.o
                0x200009c8                . = ALIGN (0x4)

.bss            0x200009c8      0x678 load address 0x08009084
                0x200009c8                _sbss = .
                0x200009c8                __bss_start__ = _sbss
 *(.bss)
 .bss           0x200009c8       0x1c c:/ac6/systemworkbench/plugins/fr.ac6.mcu.externaltools.arm-none.win32_1.15.0.201708311556/tools/compiler/bin/../lib/gcc/arm-none-eabi/6.3.1/thumb/v7e-m/fpv4-sp/hard/crtbegin.o
 .bss           0x200009e4        0x1 src/delay.o
 *fill*         0x200009e5        0x3 
 .bss           0x200009e8        0x6 src/ff.o
 *fill*         0x200009ee        0x2 
 .bss           0x200009f0        0xc src/main.o
                0x200009f0                true_or_false
                0x200009f4                up
                0x200009f8                counter_of_already
 .bss           0x200009fc      0x455 src/sdmodule.o
 .bss           0x20000e51        0x4 src/spi_sd.o
 *fill*         0x20000e55        0x3 
 .bss           0x20000e58        0x8 src/syscalls.o
                0x20000e58                __env
 .bss           0x20000e60       0x28 src/tm_stm32f4_delay.o
                0x20000e60                TM_TimingDelay
                0x20000e64                TM_Time
                0x20000e68                TM_Time2
                0x20000e6c                TM_DELAY_Initialized
 .bss           0x20000e88       0x16 src/tm_stm32f4_gpio.o
 *fill*         0x20000e9e        0x2 
 .bss           0x20000ea0        0x7 src/tm_stm32f4_hd44780.o
 *(.bss*)
 *fill*         0x20000ea7        0x1 
 .bss.__malloc_current_mallinfo
                0x20000ea8       0x28 c:/ac6/systemworkbench/plugins/fr.ac6.mcu.externaltools.arm-none.win32_1.15.0.201708311556/tools/compiler/bin/../lib/gcc/arm-none-eabi/6.3.1/../../../../arm-none-eabi/lib/thumb/v7e-m/fpv4-sp/hard\libc.a(lib_a-mallocr.o)
                0x20000ea8                __malloc_current_mallinfo
 .bss.__malloc_max_sbrked_mem
                0x20000ed0        0x4 c:/ac6/systemworkbench/plugins/fr.ac6.mcu.externaltools.arm-none.win32_1.15.0.201708311556/tools/compiler/bin/../lib/gcc/arm-none-eabi/6.3.1/../../../../arm-none-eabi/lib/thumb/v7e-m/fpv4-sp/hard\libc.a(lib_a-mallocr.o)
                0x20000ed0                __malloc_max_sbrked_mem
 .bss.__malloc_max_total_mem
                0x20000ed4        0x4 c:/ac6/systemworkbench/plugins/fr.ac6.mcu.externaltools.arm-none.win32_1.15.0.201708311556/tools/compiler/bin/../lib/gcc/arm-none-eabi/6.3.1/../../../../arm-none-eabi/lib/thumb/v7e-m/fpv4-sp/hard\libc.a(lib_a-mallocr.o)
                0x20000ed4                __malloc_max_total_mem
 .bss.__malloc_top_pad
                0x20000ed8        0x4 c:/ac6/systemworkbench/plugins/fr.ac6.mcu.externaltools.arm-none.win32_1.15.0.201708311556/tools/compiler/bin/../lib/gcc/arm-none-eabi/6.3.1/../../../../arm-none-eabi/lib/thumb/v7e-m/fpv4-sp/hard\libc.a(lib_a-mallocr.o)
                0x20000ed8                __malloc_top_pad
 *(COMMON)
 COMMON         0x20000edc      0x138 src/main.o
                0x20000edc                filename2
                0x20000ee0                dane2
                0x20000f10                dane
                0x20000f40                filename
                0x20000f44                already
                0x2000100c                loadedBytes2
                0x20001010                loadedBytes
 COMMON         0x20001014        0x4 src/tm_stm32f4_delay.o
                0x20001014                mult
 COMMON         0x20001018       0x21 c:/ac6/systemworkbench/plugins/fr.ac6.mcu.externaltools.arm-none.win32_1.15.0.201708311556/tools/compiler/bin/../lib/gcc/arm-none-eabi/6.3.1/../../../../arm-none-eabi/lib/thumb/v7e-m/fpv4-sp/hard\libc.a(lib_a-lock.o)
                0x20001018                __lock___atexit_recursive_mutex
                0x2000101c                __lock___arc4random_mutex
                0x20001020                __lock___env_recursive_mutex
                0x20001024                __lock___sinit_recursive_mutex
                0x20001028                __lock___malloc_recursive_mutex
                0x2000102c                __lock___at_quick_exit_mutex
                0x20001030                __lock___dd_hash_mutex
                0x20001034                __lock___tz_mutex
                0x20001038                __lock___sfp_recursive_mutex
 *fill*         0x20001039        0x3 
 COMMON         0x2000103c        0x4 c:/ac6/systemworkbench/plugins/fr.ac6.mcu.externaltools.arm-none.win32_1.15.0.201708311556/tools/compiler/bin/../lib/gcc/arm-none-eabi/6.3.1/../../../../arm-none-eabi/lib/thumb/v7e-m/fpv4-sp/hard\libc.a(lib_a-reent.o)
                0x2000103c                errno
                0x20001040                . = ALIGN (0x4)
                0x20001040                _ebss = .
                0x20001040                __bss_end__ = _ebss

._user_heap_stack
                0x20001040      0x400 load address 0x080096fc
                0x20001040                . = ALIGN (0x8)
                0x20001040                PROVIDE (end, .)
                [!provide]                PROVIDE (_end, .)
                0x20001040                . = (. + _Min_Heap_Size)
                0x20001440                . = (. + _Min_Stack_Size)
 *fill*         0x20001040      0x400 
                0x20001440                . = ALIGN (0x8)

.memory_b1_text
 *(.mb1text)
 *(.mb1text*)
 *(.mb1rodata)
 *(.mb1rodata*)

/DISCARD/
 libc.a(*)
 libm.a(*)
 libgcc.a(*)

.ARM.attributes
                0x00000000       0x30
 *(.ARM.attributes)
 .ARM.attributes
                0x00000000       0x22 c:/ac6/systemworkbench/plugins/fr.ac6.mcu.externaltools.arm-none.win32_1.15.0.201708311556/tools/compiler/bin/../lib/gcc/arm-none-eabi/6.3.1/thumb/v7e-m/fpv4-sp/hard/crti.o
 .ARM.attributes
                0x00000022       0x34 c:/ac6/systemworkbench/plugins/fr.ac6.mcu.externaltools.arm-none.win32_1.15.0.201708311556/tools/compiler/bin/../lib/gcc/arm-none-eabi/6.3.1/thumb/v7e-m/fpv4-sp/hard/crtbegin.o
 .ARM.attributes
                0x00000056       0x39 StdPeriph_Driver/src/stm32f4xx_gpio.o
 .ARM.attributes
                0x0000008f       0x39 StdPeriph_Driver/src/stm32f4xx_rcc.o
 .ARM.attributes
                0x000000c8       0x39 StdPeriph_Driver/src/stm32f4xx_tim.o
 .ARM.attributes
                0x00000101       0x39 src/delay.o
 .ARM.attributes
                0x0000013a       0x39 src/ff.o
 .ARM.attributes
                0x00000173       0x39 src/fpu.o
 .ARM.attributes
                0x000001ac       0x39 src/main.o
 .ARM.attributes
                0x000001e5       0x39 src/sdmodule.o
 .ARM.attributes
                0x0000021e       0x39 src/spi_sd.o
 .ARM.attributes
                0x00000257       0x39 src/syscalls.o
 .ARM.attributes
                0x00000290       0x39 src/system_stm32f4xx.o
 .ARM.attributes
                0x000002c9       0x39 src/tm_stm32f4_delay.o
 .ARM.attributes
                0x00000302       0x39 src/tm_stm32f4_gpio.o
 .ARM.attributes
                0x0000033b       0x39 src/tm_stm32f4_hd44780.o
 .ARM.attributes
                0x00000374       0x21 startup/startup_stm32f4xx.o
 .ARM.attributes
                0x00000395       0x34 c:/ac6/systemworkbench/plugins/fr.ac6.mcu.externaltools.arm-none.win32_1.15.0.201708311556/tools/compiler/bin/../lib/gcc/arm-none-eabi/6.3.1/../../../../arm-none-eabi/lib/thumb/v7e-m/fpv4-sp/hard\libc.a(lib_a-errno.o)
 .ARM.attributes
                0x000003c9       0x34 c:/ac6/systemworkbench/plugins/fr.ac6.mcu.externaltools.arm-none.win32_1.15.0.201708311556/tools/compiler/bin/../lib/gcc/arm-none-eabi/6.3.1/../../../../arm-none-eabi/lib/thumb/v7e-m/fpv4-sp/hard\libc.a(lib_a-impure.o)
 .ARM.attributes
                0x000003fd       0x34 c:/ac6/systemworkbench/plugins/fr.ac6.mcu.externaltools.arm-none.win32_1.15.0.201708311556/tools/compiler/bin/../lib/gcc/arm-none-eabi/6.3.1/../../../../arm-none-eabi/lib/thumb/v7e-m/fpv4-sp/hard\libc.a(lib_a-init.o)
 .ARM.attributes
                0x00000431       0x34 c:/ac6/systemworkbench/plugins/fr.ac6.mcu.externaltools.arm-none.win32_1.15.0.201708311556/tools/compiler/bin/../lib/gcc/arm-none-eabi/6.3.1/../../../../arm-none-eabi/lib/thumb/v7e-m/fpv4-sp/hard\libc.a(lib_a-malloc.o)
 .ARM.attributes
                0x00000465       0x34 c:/ac6/systemworkbench/plugins/fr.ac6.mcu.externaltools.arm-none.win32_1.15.0.201708311556/tools/compiler/bin/../lib/gcc/arm-none-eabi/6.3.1/../../../../arm-none-eabi/lib/thumb/v7e-m/fpv4-sp/hard\libc.a(lib_a-mallocr.o)
 .ARM.attributes
                0x00000499       0x34 c:/ac6/systemworkbench/plugins/fr.ac6.mcu.externaltools.arm-none.win32_1.15.0.201708311556/tools/compiler/bin/../lib/gcc/arm-none-eabi/6.3.1/../../../../arm-none-eabi/lib/thumb/v7e-m/fpv4-sp/hard\libc.a(lib_a-memset.o)
 .ARM.attributes
                0x000004cd       0x34 c:/ac6/systemworkbench/plugins/fr.ac6.mcu.externaltools.arm-none.win32_1.15.0.201708311556/tools/compiler/bin/../lib/gcc/arm-none-eabi/6.3.1/../../../../arm-none-eabi/lib/thumb/v7e-m/fpv4-sp/hard\libc.a(lib_a-mlock.o)
 .ARM.attributes
                0x00000501       0x34 c:/ac6/systemworkbench/plugins/fr.ac6.mcu.externaltools.arm-none.win32_1.15.0.201708311556/tools/compiler/bin/../lib/gcc/arm-none-eabi/6.3.1/../../../../arm-none-eabi/lib/thumb/v7e-m/fpv4-sp/hard\libc.a(lib_a-rand.o)
 .ARM.attributes
                0x00000535       0x34 c:/ac6/systemworkbench/plugins/fr.ac6.mcu.externaltools.arm-none.win32_1.15.0.201708311556/tools/compiler/bin/../lib/gcc/arm-none-eabi/6.3.1/../../../../arm-none-eabi/lib/thumb/v7e-m/fpv4-sp/hard\libc.a(lib_a-sbrkr.o)
 .ARM.attributes
                0x00000569       0x34 c:/ac6/systemworkbench/plugins/fr.ac6.mcu.externaltools.arm-none.win32_1.15.0.201708311556/tools/compiler/bin/../lib/gcc/arm-none-eabi/6.3.1/../../../../arm-none-eabi/lib/thumb/v7e-m/fpv4-sp/hard\libc.a(lib_a-sprintf.o)
 .ARM.attributes
                0x0000059d       0x20 c:/ac6/systemworkbench/plugins/fr.ac6.mcu.externaltools.arm-none.win32_1.15.0.201708311556/tools/compiler/bin/../lib/gcc/arm-none-eabi/6.3.1/../../../../arm-none-eabi/lib/thumb/v7e-m/fpv4-sp/hard\libc.a(lib_a-strlen.o)
 .ARM.attributes
                0x000005bd       0x34 c:/ac6/systemworkbench/plugins/fr.ac6.mcu.externaltools.arm-none.win32_1.15.0.201708311556/tools/compiler/bin/../lib/gcc/arm-none-eabi/6.3.1/../../../../arm-none-eabi/lib/thumb/v7e-m/fpv4-sp/hard\libc.a(lib_a-svfprintf.o)
 .ARM.attributes
                0x000005f1       0x34 c:/ac6/systemworkbench/plugins/fr.ac6.mcu.externaltools.arm-none.win32_1.15.0.201708311556/tools/compiler/bin/../lib/gcc/arm-none-eabi/6.3.1/../../../../arm-none-eabi/lib/thumb/v7e-m/fpv4-sp/hard\libc.a(lib_a-__call_atexit.o)
 .ARM.attributes
                0x00000625       0x34 c:/ac6/systemworkbench/plugins/fr.ac6.mcu.externaltools.arm-none.win32_1.15.0.201708311556/tools/compiler/bin/../lib/gcc/arm-none-eabi/6.3.1/../../../../arm-none-eabi/lib/thumb/v7e-m/fpv4-sp/hard\libc.a(lib_a-atexit.o)
 .ARM.attributes
                0x00000659       0x34 c:/ac6/systemworkbench/plugins/fr.ac6.mcu.externaltools.arm-none.win32_1.15.0.201708311556/tools/compiler/bin/../lib/gcc/arm-none-eabi/6.3.1/../../../../arm-none-eabi/lib/thumb/v7e-m/fpv4-sp/hard\libc.a(lib_a-dtoa.o)
 .ARM.attributes
                0x0000068d       0x34 c:/ac6/systemworkbench/plugins/fr.ac6.mcu.externaltools.arm-none.win32_1.15.0.201708311556/tools/compiler/bin/../lib/gcc/arm-none-eabi/6.3.1/../../../../arm-none-eabi/lib/thumb/v7e-m/fpv4-sp/hard\libc.a(lib_a-fini.o)
 .ARM.attributes
                0x000006c1       0x34 c:/ac6/systemworkbench/plugins/fr.ac6.mcu.externaltools.arm-none.win32_1.15.0.201708311556/tools/compiler/bin/../lib/gcc/arm-none-eabi/6.3.1/../../../../arm-none-eabi/lib/thumb/v7e-m/fpv4-sp/hard\libc.a(lib_a-freer.o)
 .ARM.attributes
                0x000006f5       0x34 c:/ac6/systemworkbench/plugins/fr.ac6.mcu.externaltools.arm-none.win32_1.15.0.201708311556/tools/compiler/bin/../lib/gcc/arm-none-eabi/6.3.1/../../../../arm-none-eabi/lib/thumb/v7e-m/fpv4-sp/hard\libc.a(lib_a-localeconv.o)
 .ARM.attributes
                0x00000729       0x34 c:/ac6/systemworkbench/plugins/fr.ac6.mcu.externaltools.arm-none.win32_1.15.0.201708311556/tools/compiler/bin/../lib/gcc/arm-none-eabi/6.3.1/../../../../arm-none-eabi/lib/thumb/v7e-m/fpv4-sp/hard\libc.a(lib_a-lock.o)
 .ARM.attributes
                0x0000075d       0x20 c:/ac6/systemworkbench/plugins/fr.ac6.mcu.externaltools.arm-none.win32_1.15.0.201708311556/tools/compiler/bin/../lib/gcc/arm-none-eabi/6.3.1/../../../../arm-none-eabi/lib/thumb/v7e-m/fpv4-sp/hard\libc.a(lib_a-memchr.o)
 .ARM.attributes
                0x0000077d       0x20 c:/ac6/systemworkbench/plugins/fr.ac6.mcu.externaltools.arm-none.win32_1.15.0.201708311556/tools/compiler/bin/../lib/gcc/arm-none-eabi/6.3.1/../../../../arm-none-eabi/lib/thumb/v7e-m/fpv4-sp/hard\libc.a(lib_a-memcpy.o)
 .ARM.attributes
                0x0000079d       0x34 c:/ac6/systemworkbench/plugins/fr.ac6.mcu.externaltools.arm-none.win32_1.15.0.201708311556/tools/compiler/bin/../lib/gcc/arm-none-eabi/6.3.1/../../../../arm-none-eabi/lib/thumb/v7e-m/fpv4-sp/hard\libc.a(lib_a-mprec.o)
 .ARM.attributes
                0x000007d1       0x34 c:/ac6/systemworkbench/plugins/fr.ac6.mcu.externaltools.arm-none.win32_1.15.0.201708311556/tools/compiler/bin/../lib/gcc/arm-none-eabi/6.3.1/../../../../arm-none-eabi/lib/thumb/v7e-m/fpv4-sp/hard\libc.a(lib_a-reent.o)
 .ARM.attributes
                0x00000805       0x34 c:/ac6/systemworkbench/plugins/fr.ac6.mcu.externaltools.arm-none.win32_1.15.0.201708311556/tools/compiler/bin/../lib/gcc/arm-none-eabi/6.3.1/../../../../arm-none-eabi/lib/thumb/v7e-m/fpv4-sp/hard\libc.a(lib_a-svfiprintf.o)
 .ARM.attributes
                0x00000839       0x34 c:/ac6/systemworkbench/plugins/fr.ac6.mcu.externaltools.arm-none.win32_1.15.0.201708311556/tools/compiler/bin/../lib/gcc/arm-none-eabi/6.3.1/../../../../arm-none-eabi/lib/thumb/v7e-m/fpv4-sp/hard\libc.a(lib_a-__atexit.o)
 .ARM.attributes
                0x0000086d       0x34 c:/ac6/systemworkbench/plugins/fr.ac6.mcu.externaltools.arm-none.win32_1.15.0.201708311556/tools/compiler/bin/../lib/gcc/arm-none-eabi/6.3.1/../../../../arm-none-eabi/lib/thumb/v7e-m/fpv4-sp/hard\libc.a(lib_a-callocr.o)
 .ARM.attributes
                0x000008a1       0x34 c:/ac6/systemworkbench/plugins/fr.ac6.mcu.externaltools.arm-none.win32_1.15.0.201708311556/tools/compiler/bin/../lib/gcc/arm-none-eabi/6.3.1/../../../../arm-none-eabi/lib/thumb/v7e-m/fpv4-sp/hard\libc.a(lib_a-locale.o)
 .ARM.attributes
                0x000008d5       0x34 c:/ac6/systemworkbench/plugins/fr.ac6.mcu.externaltools.arm-none.win32_1.15.0.201708311556/tools/compiler/bin/../lib/gcc/arm-none-eabi/6.3.1/../../../../arm-none-eabi/lib/thumb/v7e-m/fpv4-sp/hard\libc.a(lib_a-mbtowc_r.o)
 .ARM.attributes
                0x00000909       0x34 c:/ac6/systemworkbench/plugins/fr.ac6.mcu.externaltools.arm-none.win32_1.15.0.201708311556/tools/compiler/bin/../lib/gcc/arm-none-eabi/6.3.1/../../../../arm-none-eabi/lib/thumb/v7e-m/fpv4-sp/hard\libc.a(lib_a-memmove.o)
 .ARM.attributes
                0x0000093d       0x34 c:/ac6/systemworkbench/plugins/fr.ac6.mcu.externaltools.arm-none.win32_1.15.0.201708311556/tools/compiler/bin/../lib/gcc/arm-none-eabi/6.3.1/../../../../arm-none-eabi/lib/thumb/v7e-m/fpv4-sp/hard\libc.a(lib_a-reallocr.o)
 .ARM.attributes
                0x00000971       0x34 c:/ac6/systemworkbench/plugins/fr.ac6.mcu.externaltools.arm-none.win32_1.15.0.201708311556/tools/compiler/bin/../lib/gcc/arm-none-eabi/6.3.1/../../../../arm-none-eabi/lib/thumb/v7e-m/fpv4-sp/hard\libc.a(lib_a-wctomb_r.o)
 .ARM.attributes
                0x000009a5       0x34 c:/ac6/systemworkbench/plugins/fr.ac6.mcu.externaltools.arm-none.win32_1.15.0.201708311556/tools/compiler/bin/../lib/gcc/arm-none-eabi/6.3.1/../../../../arm-none-eabi/lib/thumb/v7e-m/fpv4-sp/hard\libc.a(lib_a-ctype_.o)
 .ARM.attributes
                0x000009d9       0x22 c:/ac6/systemworkbench/plugins/fr.ac6.mcu.externaltools.arm-none.win32_1.15.0.201708311556/tools/compiler/bin/../lib/gcc/arm-none-eabi/6.3.1/thumb/v7e-m/fpv4-sp/hard\libgcc.a(_arm_addsubdf3.o)
 .ARM.attributes
                0x000009fb       0x22 c:/ac6/systemworkbench/plugins/fr.ac6.mcu.externaltools.arm-none.win32_1.15.0.201708311556/tools/compiler/bin/../lib/gcc/arm-none-eabi/6.3.1/thumb/v7e-m/fpv4-sp/hard\libgcc.a(_arm_muldivdf3.o)
 .ARM.attributes
                0x00000a1d       0x22 c:/ac6/systemworkbench/plugins/fr.ac6.mcu.externaltools.arm-none.win32_1.15.0.201708311556/tools/compiler/bin/../lib/gcc/arm-none-eabi/6.3.1/thumb/v7e-m/fpv4-sp/hard\libgcc.a(_arm_cmpdf2.o)
 .ARM.attributes
                0x00000a3f       0x22 c:/ac6/systemworkbench/plugins/fr.ac6.mcu.externaltools.arm-none.win32_1.15.0.201708311556/tools/compiler/bin/../lib/gcc/arm-none-eabi/6.3.1/thumb/v7e-m/fpv4-sp/hard\libgcc.a(_arm_unorddf2.o)
 .ARM.attributes
                0x00000a61       0x22 c:/ac6/systemworkbench/plugins/fr.ac6.mcu.externaltools.arm-none.win32_1.15.0.201708311556/tools/compiler/bin/../lib/gcc/arm-none-eabi/6.3.1/thumb/v7e-m/fpv4-sp/hard\libgcc.a(_arm_fixdfsi.o)
 .ARM.attributes
                0x00000a83       0x22 c:/ac6/systemworkbench/plugins/fr.ac6.mcu.externaltools.arm-none.win32_1.15.0.201708311556/tools/compiler/bin/../lib/gcc/arm-none-eabi/6.3.1/thumb/v7e-m/fpv4-sp/hard\libgcc.a(_aeabi_uldivmod.o)
 .ARM.attributes
                0x00000aa5       0x34 c:/ac6/systemworkbench/plugins/fr.ac6.mcu.externaltools.arm-none.win32_1.15.0.201708311556/tools/compiler/bin/../lib/gcc/arm-none-eabi/6.3.1/thumb/v7e-m/fpv4-sp/hard\libgcc.a(_udivmoddi4.o)
 .ARM.attributes
                0x00000ad9       0x22 c:/ac6/systemworkbench/plugins/fr.ac6.mcu.externaltools.arm-none.win32_1.15.0.201708311556/tools/compiler/bin/../lib/gcc/arm-none-eabi/6.3.1/thumb/v7e-m/fpv4-sp/hard\libgcc.a(_dvmd_tls.o)
 .ARM.attributes
                0x00000afb       0x22 c:/ac6/systemworkbench/plugins/fr.ac6.mcu.externaltools.arm-none.win32_1.15.0.201708311556/tools/compiler/bin/../lib/gcc/arm-none-eabi/6.3.1/thumb/v7e-m/fpv4-sp/hard/crtn.o
OUTPUT(TrueOrFalseGame.elf elf32-littlearm)

.debug_info     0x00000000     0xad73
 .debug_info    0x00000000      0x629 StdPeriph_Driver/src/stm32f4xx_gpio.o
 .debug_info    0x00000629      0xc76 StdPeriph_Driver/src/stm32f4xx_rcc.o
 .debug_info    0x0000129f     0x1c78 StdPeriph_Driver/src/stm32f4xx_tim.o
 .debug_info    0x00002f17      0x1c4 src/delay.o
 .debug_info    0x000030db     0x1622 src/ff.o
 .debug_info    0x000046fd      0x28f src/fpu.o
 .debug_info    0x0000498c     0x1055 src/main.o
 .debug_info    0x000059e1      0xc80 src/sdmodule.o
 .debug_info    0x00006661      0x987 src/spi_sd.o
 .debug_info    0x00006fe8      0xf2a src/syscalls.o
 .debug_info    0x00007f12      0x5d4 src/system_stm32f4xx.o
 .debug_info    0x000084e6     0x1251 src/tm_stm32f4_delay.o
 .debug_info    0x00009737      0x84c src/tm_stm32f4_gpio.o
 .debug_info    0x00009f83      0xd75 src/tm_stm32f4_hd44780.o
 .debug_info    0x0000acf8       0x7b startup/startup_stm32f4xx.o

.debug_abbrev   0x00000000     0x1c48
 .debug_abbrev  0x00000000      0x1bb StdPeriph_Driver/src/stm32f4xx_gpio.o
 .debug_abbrev  0x000001bb      0x1fb StdPeriph_Driver/src/stm32f4xx_rcc.o
 .debug_abbrev  0x000003b6      0x19d StdPeriph_Driver/src/stm32f4xx_tim.o
 .debug_abbrev  0x00000553      0x11b src/delay.o
 .debug_abbrev  0x0000066e      0x1e5 src/ff.o
 .debug_abbrev  0x00000853       0xcc src/fpu.o
 .debug_abbrev  0x0000091f      0x2fa src/main.o
 .debug_abbrev  0x00000c19      0x235 src/sdmodule.o
 .debug_abbrev  0x00000e4e      0x277 src/spi_sd.o
 .debug_abbrev  0x000010c5      0x2aa src/syscalls.o
 .debug_abbrev  0x0000136f      0x15b src/system_stm32f4xx.o
 .debug_abbrev  0x000014ca      0x37b src/tm_stm32f4_delay.o
 .debug_abbrev  0x00001845      0x17f src/tm_stm32f4_gpio.o
 .debug_abbrev  0x000019c4      0x272 src/tm_stm32f4_hd44780.o
 .debug_abbrev  0x00001c36       0x12 startup/startup_stm32f4xx.o

.debug_aranges  0x00000000      0xaa0
 .debug_aranges
                0x00000000       0x88 StdPeriph_Driver/src/stm32f4xx_gpio.o
 .debug_aranges
                0x00000088      0x178 StdPeriph_Driver/src/stm32f4xx_rcc.o
 .debug_aranges
                0x00000200      0x2f8 StdPeriph_Driver/src/stm32f4xx_tim.o
 .debug_aranges
                0x000004f8       0x30 src/delay.o
 .debug_aranges
                0x00000528      0x158 src/ff.o
 .debug_aranges
                0x00000680       0x20 src/fpu.o
 .debug_aranges
                0x000006a0       0x48 src/main.o
 .debug_aranges
                0x000006e8       0x30 src/sdmodule.o
 .debug_aranges
                0x00000718       0xb8 src/spi_sd.o
 .debug_aranges
                0x000007d0       0xb0 src/syscalls.o
 .debug_aranges
                0x00000880       0x30 src/system_stm32f4xx.o
 .debug_aranges
                0x000008b0       0x80 src/tm_stm32f4_delay.o
 .debug_aranges
                0x00000930       0x98 src/tm_stm32f4_gpio.o
 .debug_aranges
                0x000009c8       0xb0 src/tm_stm32f4_hd44780.o
 .debug_aranges
                0x00000a78       0x28 startup/startup_stm32f4xx.o

.debug_ranges   0x00000000      0x9b8
 .debug_ranges  0x00000000       0x78 StdPeriph_Driver/src/stm32f4xx_gpio.o
 .debug_ranges  0x00000078      0x168 StdPeriph_Driver/src/stm32f4xx_rcc.o
 .debug_ranges  0x000001e0      0x2e8 StdPeriph_Driver/src/stm32f4xx_tim.o
 .debug_ranges  0x000004c8       0x20 src/delay.o
 .debug_ranges  0x000004e8      0x148 src/ff.o
 .debug_ranges  0x00000630       0x10 src/fpu.o
 .debug_ranges  0x00000640       0x38 src/main.o
 .debug_ranges  0x00000678       0x20 src/sdmodule.o
 .debug_ranges  0x00000698       0xa8 src/spi_sd.o
 .debug_ranges  0x00000740       0xa0 src/syscalls.o
 .debug_ranges  0x000007e0       0x20 src/system_stm32f4xx.o
 .debug_ranges  0x00000800       0x70 src/tm_stm32f4_delay.o
 .debug_ranges  0x00000870       0x88 src/tm_stm32f4_gpio.o
 .debug_ranges  0x000008f8       0xa0 src/tm_stm32f4_hd44780.o
 .debug_ranges  0x00000998       0x20 startup/startup_stm32f4xx.o

.debug_macro    0x00000000     0x4b7e
 .debug_macro   0x00000000      0x1c3 StdPeriph_Driver/src/stm32f4xx_gpio.o
 .debug_macro   0x000001c3      0x25f StdPeriph_Driver/src/stm32f4xx_gpio.o
 .debug_macro   0x00000422      0x267 StdPeriph_Driver/src/stm32f4xx_rcc.o
 .debug_macro   0x00000689      0x532 StdPeriph_Driver/src/stm32f4xx_rcc.o
 .debug_macro   0x00000bbb      0x1ed StdPeriph_Driver/src/stm32f4xx_tim.o
 .debug_macro   0x00000da8      0x735 StdPeriph_Driver/src/stm32f4xx_tim.o
 .debug_macro   0x000014dd      0x1bf src/delay.o
 .debug_macro   0x0000169c      0x23e src/ff.o
 .debug_macro   0x000018da       0x91 src/ff.o
 .debug_macro   0x0000196b       0xf9 src/ff.o
 .debug_macro   0x00001a64       0x8e src/ff.o
 .debug_macro   0x00001af2      0x1b5 src/fpu.o
 .debug_macro   0x00001ca7      0x40a src/main.o
 .debug_macro   0x000020b1       0x58 src/main.o
 .debug_macro   0x00002109       0x35 src/main.o
 .debug_macro   0x0000213e       0x9c src/main.o
 .debug_macro   0x000021da       0x16 src/main.o
 .debug_macro   0x000021f0       0x97 src/main.o
 .debug_macro   0x00002287      0x330 src/main.o
 .debug_macro   0x000025b7       0xfd src/main.o
 .debug_macro   0x000026b4       0x10 src/main.o
 .debug_macro   0x000026c4       0x58 src/main.o
 .debug_macro   0x0000271c       0x1f src/main.o
 .debug_macro   0x0000273b       0x43 src/main.o
 .debug_macro   0x0000277e       0x20 src/main.o
 .debug_macro   0x0000279e      0x187 src/main.o
 .debug_macro   0x00002925       0x10 src/main.o
 .debug_macro   0x00002935       0x1c src/main.o
 .debug_macro   0x00002951       0x52 src/main.o
 .debug_macro   0x000029a3       0x40 src/main.o
 .debug_macro   0x000029e3       0x10 src/main.o
 .debug_macro   0x000029f3       0x40 src/main.o
 .debug_macro   0x00002a33       0xd7 src/main.o
 .debug_macro   0x00002b0a       0x16 src/main.o
 .debug_macro   0x00002b20      0x18b src/main.o
 .debug_macro   0x00002cab       0x16 src/main.o
 .debug_macro   0x00002cc1       0x35 src/main.o
 .debug_macro   0x00002cf6       0x52 src/main.o
 .debug_macro   0x00002d48       0x10 src/main.o
 .debug_macro   0x00002d58       0x16 src/main.o
 .debug_macro   0x00002d6e       0x16 src/main.o
 .debug_macro   0x00002d84       0x29 src/main.o
 .debug_macro   0x00002dad       0x35 src/main.o
 .debug_macro   0x00002de2       0xaf src/main.o
 .debug_macro   0x00002e91       0x16 src/main.o
 .debug_macro   0x00002ea7       0x10 src/main.o
 .debug_macro   0x00002eb7       0x41 src/main.o
 .debug_macro   0x00002ef8      0x2b7 src/sdmodule.o
 .debug_macro   0x000031af       0x52 src/sdmodule.o
 .debug_macro   0x00003201       0x8d src/sdmodule.o
 .debug_macro   0x0000328e      0x174 src/sdmodule.o
 .debug_macro   0x00003402       0x57 src/sdmodule.o
 .debug_macro   0x00003459       0x10 src/sdmodule.o
 .debug_macro   0x00003469      0x23b src/spi_sd.o
 .debug_macro   0x000036a4       0x10 src/spi_sd.o
 .debug_macro   0x000036b4       0x82 src/spi_sd.o
 .debug_macro   0x00003736      0x236 src/syscalls.o
 .debug_macro   0x0000396c       0x10 src/syscalls.o
 .debug_macro   0x0000397c       0x10 src/syscalls.o
 .debug_macro   0x0000398c       0x35 src/syscalls.o
 .debug_macro   0x000039c1      0x122 src/syscalls.o
 .debug_macro   0x00003ae3       0x10 src/syscalls.o
 .debug_macro   0x00003af3      0x241 src/syscalls.o
 .debug_macro   0x00003d34       0x1c src/syscalls.o
 .debug_macro   0x00003d50       0x10 src/syscalls.o
 .debug_macro   0x00003d60      0x159 src/syscalls.o
 .debug_macro   0x00003eb9       0x16 src/syscalls.o
 .debug_macro   0x00003ecf       0x88 src/syscalls.o
 .debug_macro   0x00003f57      0x1e6 src/system_stm32f4xx.o
 .debug_macro   0x0000413d      0x2a4 src/tm_stm32f4_delay.o
 .debug_macro   0x000043e1       0x16 src/tm_stm32f4_delay.o
 .debug_macro   0x000043f7      0x10e src/tm_stm32f4_delay.o
 .debug_macro   0x00004505       0x8d src/tm_stm32f4_delay.o
 .debug_macro   0x00004592      0x1d1 src/tm_stm32f4_gpio.o
 .debug_macro   0x00004763       0xa9 src/tm_stm32f4_gpio.o
 .debug_macro   0x0000480c      0x372 src/tm_stm32f4_hd44780.o

.debug_line     0x00000000     0x795f
 .debug_line    0x00000000      0x783 StdPeriph_Driver/src/stm32f4xx_gpio.o
 .debug_line    0x00000783      0x9c9 StdPeriph_Driver/src/stm32f4xx_rcc.o
 .debug_line    0x0000114c      0xee5 StdPeriph_Driver/src/stm32f4xx_tim.o
 .debug_line    0x00002031      0x674 src/delay.o
 .debug_line    0x000026a5      0xbb2 src/ff.o
 .debug_line    0x00003257      0x5f9 src/fpu.o
 .debug_line    0x00003850      0x998 src/main.o
 .debug_line    0x000041e8      0x751 src/sdmodule.o
 .debug_line    0x00004939      0xa09 src/spi_sd.o
 .debug_line    0x00005342      0x5d4 src/syscalls.o
 .debug_line    0x00005916      0x685 src/system_stm32f4xx.o
 .debug_line    0x00005f9b      0x859 src/tm_stm32f4_delay.o
 .debug_line    0x000067f4      0x7e5 src/tm_stm32f4_gpio.o
 .debug_line    0x00006fd9      0x90b src/tm_stm32f4_hd44780.o
 .debug_line    0x000078e4       0x7b startup/startup_stm32f4xx.o

.debug_str      0x00000000    0x5f737
 .debug_str     0x00000000    0x55f88 StdPeriph_Driver/src/stm32f4xx_gpio.o
                              0x561c7 (size before relaxing)
 .debug_str     0x00055f88      0xb48 StdPeriph_Driver/src/stm32f4xx_rcc.o
                              0x56a48 (size before relaxing)
 .debug_str     0x00056ad0      0xc2f StdPeriph_Driver/src/stm32f4xx_tim.o
                              0x56bbb (size before relaxing)
 .debug_str     0x000576ff       0x5a src/delay.o
                              0x55f0d (size before relaxing)
 .debug_str     0x00057759     0x128a src/ff.o
                               0x3901 (size before relaxing)
 .debug_str     0x000589e3       0x6c src/fpu.o
                              0x55f09 (size before relaxing)
 .debug_str     0x00058a4f     0x49ce src/main.o
                              0x5b454 (size before relaxing)
 .debug_str     0x0005d41d       0xbd src/sdmodule.o
                              0x5984b (size before relaxing)
 .debug_str     0x0005d4da      0x244 src/spi_sd.o
                              0x56428 (size before relaxing)
 .debug_str     0x0005d71e      0xf99 src/syscalls.o
                               0x7d74 (size before relaxing)
 .debug_str     0x0005e6b7       0xd7 src/system_stm32f4xx.o
                              0x56102 (size before relaxing)
 .debug_str     0x0005e78e      0x732 src/tm_stm32f4_delay.o
                              0x598f9 (size before relaxing)
 .debug_str     0x0005eec0      0x29f src/tm_stm32f4_gpio.o
                              0x5688e (size before relaxing)
 .debug_str     0x0005f15f      0x5d8 src/tm_stm32f4_hd44780.o
                              0x59ca2 (size before relaxing)

.comment        0x00000000       0x7f
 .comment       0x00000000       0x7f StdPeriph_Driver/src/stm32f4xx_gpio.o
                                 0x80 (size before relaxing)
 .comment       0x0000007f       0x80 StdPeriph_Driver/src/stm32f4xx_rcc.o
 .comment       0x0000007f       0x80 StdPeriph_Driver/src/stm32f4xx_tim.o
 .comment       0x0000007f       0x80 src/delay.o
 .comment       0x0000007f       0x80 src/ff.o
 .comment       0x0000007f       0x80 src/fpu.o
 .comment       0x0000007f       0x80 src/main.o
 .comment       0x0000007f       0x80 src/sdmodule.o
 .comment       0x0000007f       0x80 src/spi_sd.o
 .comment       0x0000007f       0x80 src/syscalls.o
 .comment       0x0000007f       0x80 src/system_stm32f4xx.o
 .comment       0x0000007f       0x80 src/tm_stm32f4_delay.o
 .comment       0x0000007f       0x80 src/tm_stm32f4_gpio.o
 .comment       0x0000007f       0x80 src/tm_stm32f4_hd44780.o

.debug_frame    0x00000000     0x38cc
 .debug_frame   0x00000000      0x23c StdPeriph_Driver/src/stm32f4xx_gpio.o
 .debug_frame   0x0000023c      0x6d4 StdPeriph_Driver/src/stm32f4xx_rcc.o
 .debug_frame   0x00000910      0xe54 StdPeriph_Driver/src/stm32f4xx_tim.o
 .debug_frame   0x00001764       0x84 src/delay.o
 .debug_frame   0x000017e8      0x5ec src/ff.o
 .debug_frame   0x00001dd4       0x30 src/fpu.o
 .debug_frame   0x00001e04       0xd8 src/main.o
 .debug_frame   0x00001edc       0x74 src/sdmodule.o
 .debug_frame   0x00001f50      0x2dc src/spi_sd.o
 .debug_frame   0x0000222c      0x2d4 src/syscalls.o
 .debug_frame   0x00002500       0x7c src/system_stm32f4xx.o
 .debug_frame   0x0000257c      0x1ec src/tm_stm32f4_delay.o
 .debug_frame   0x00002768      0x274 src/tm_stm32f4_gpio.o
 .debug_frame   0x000029dc      0x278 src/tm_stm32f4_hd44780.o
 .debug_frame   0x00002c54       0x20 c:/ac6/systemworkbench/plugins/fr.ac6.mcu.externaltools.arm-none.win32_1.15.0.201708311556/tools/compiler/bin/../lib/gcc/arm-none-eabi/6.3.1/../../../../arm-none-eabi/lib/thumb/v7e-m/fpv4-sp/hard\libc.a(lib_a-errno.o)
 .debug_frame   0x00002c74       0x2c c:/ac6/systemworkbench/plugins/fr.ac6.mcu.externaltools.arm-none.win32_1.15.0.201708311556/tools/compiler/bin/../lib/gcc/arm-none-eabi/6.3.1/../../../../arm-none-eabi/lib/thumb/v7e-m/fpv4-sp/hard\libc.a(lib_a-init.o)
 .debug_frame   0x00002ca0       0x30 c:/ac6/systemworkbench/plugins/fr.ac6.mcu.externaltools.arm-none.win32_1.15.0.201708311556/tools/compiler/bin/../lib/gcc/arm-none-eabi/6.3.1/../../../../arm-none-eabi/lib/thumb/v7e-m/fpv4-sp/hard\libc.a(lib_a-malloc.o)
 .debug_frame   0x00002cd0       0x58 c:/ac6/systemworkbench/plugins/fr.ac6.mcu.externaltools.arm-none.win32_1.15.0.201708311556/tools/compiler/bin/../lib/gcc/arm-none-eabi/6.3.1/../../../../arm-none-eabi/lib/thumb/v7e-m/fpv4-sp/hard\libc.a(lib_a-mallocr.o)
 .debug_frame   0x00002d28       0x34 c:/ac6/systemworkbench/plugins/fr.ac6.mcu.externaltools.arm-none.win32_1.15.0.201708311556/tools/compiler/bin/../lib/gcc/arm-none-eabi/6.3.1/../../../../arm-none-eabi/lib/thumb/v7e-m/fpv4-sp/hard\libc.a(lib_a-memset.o)
 .debug_frame   0x00002d5c       0x30 c:/ac6/systemworkbench/plugins/fr.ac6.mcu.externaltools.arm-none.win32_1.15.0.201708311556/tools/compiler/bin/../lib/gcc/arm-none-eabi/6.3.1/../../../../arm-none-eabi/lib/thumb/v7e-m/fpv4-sp/hard\libc.a(lib_a-mlock.o)
 .debug_frame   0x00002d8c       0x3c c:/ac6/systemworkbench/plugins/fr.ac6.mcu.externaltools.arm-none.win32_1.15.0.201708311556/tools/compiler/bin/../lib/gcc/arm-none-eabi/6.3.1/../../../../arm-none-eabi/lib/thumb/v7e-m/fpv4-sp/hard\libc.a(lib_a-rand.o)
 .debug_frame   0x00002dc8       0x2c c:/ac6/systemworkbench/plugins/fr.ac6.mcu.externaltools.arm-none.win32_1.15.0.201708311556/tools/compiler/bin/../lib/gcc/arm-none-eabi/6.3.1/../../../../arm-none-eabi/lib/thumb/v7e-m/fpv4-sp/hard\libc.a(lib_a-sbrkr.o)
 .debug_frame   0x00002df4       0x84 c:/ac6/systemworkbench/plugins/fr.ac6.mcu.externaltools.arm-none.win32_1.15.0.201708311556/tools/compiler/bin/../lib/gcc/arm-none-eabi/6.3.1/../../../../arm-none-eabi/lib/thumb/v7e-m/fpv4-sp/hard\libc.a(lib_a-sprintf.o)
 .debug_frame   0x00002e78       0x40 c:/ac6/systemworkbench/plugins/fr.ac6.mcu.externaltools.arm-none.win32_1.15.0.201708311556/tools/compiler/bin/../lib/gcc/arm-none-eabi/6.3.1/../../../../arm-none-eabi/lib/thumb/v7e-m/fpv4-sp/hard\libc.a(lib_a-svfprintf.o)
 .debug_frame   0x00002eb8       0x5c c:/ac6/systemworkbench/plugins/fr.ac6.mcu.externaltools.arm-none.win32_1.15.0.201708311556/tools/compiler/bin/../lib/gcc/arm-none-eabi/6.3.1/../../../../arm-none-eabi/lib/thumb/v7e-m/fpv4-sp/hard\libc.a(lib_a-__call_atexit.o)
 .debug_frame   0x00002f14       0x20 c:/ac6/systemworkbench/plugins/fr.ac6.mcu.externaltools.arm-none.win32_1.15.0.201708311556/tools/compiler/bin/../lib/gcc/arm-none-eabi/6.3.1/../../../../arm-none-eabi/lib/thumb/v7e-m/fpv4-sp/hard\libc.a(lib_a-atexit.o)
 .debug_frame   0x00002f34       0x88 c:/ac6/systemworkbench/plugins/fr.ac6.mcu.externaltools.arm-none.win32_1.15.0.201708311556/tools/compiler/bin/../lib/gcc/arm-none-eabi/6.3.1/../../../../arm-none-eabi/lib/thumb/v7e-m/fpv4-sp/hard\libc.a(lib_a-dtoa.o)
 .debug_frame   0x00002fbc       0x34 c:/ac6/systemworkbench/plugins/fr.ac6.mcu.externaltools.arm-none.win32_1.15.0.201708311556/tools/compiler/bin/../lib/gcc/arm-none-eabi/6.3.1/../../../../arm-none-eabi/lib/thumb/v7e-m/fpv4-sp/hard\libc.a(lib_a-fini.o)
 .debug_frame   0x00002ff0       0x74 c:/ac6/systemworkbench/plugins/fr.ac6.mcu.externaltools.arm-none.win32_1.15.0.201708311556/tools/compiler/bin/../lib/gcc/arm-none-eabi/6.3.1/../../../../arm-none-eabi/lib/thumb/v7e-m/fpv4-sp/hard\libc.a(lib_a-freer.o)
 .debug_frame   0x00003064       0x40 c:/ac6/systemworkbench/plugins/fr.ac6.mcu.externaltools.arm-none.win32_1.15.0.201708311556/tools/compiler/bin/../lib/gcc/arm-none-eabi/6.3.1/../../../../arm-none-eabi/lib/thumb/v7e-m/fpv4-sp/hard\libc.a(lib_a-localeconv.o)
 .debug_frame   0x000030a4       0xb0 c:/ac6/systemworkbench/plugins/fr.ac6.mcu.externaltools.arm-none.win32_1.15.0.201708311556/tools/compiler/bin/../lib/gcc/arm-none-eabi/6.3.1/../../../../arm-none-eabi/lib/thumb/v7e-m/fpv4-sp/hard\libc.a(lib_a-lock.o)
 .debug_frame   0x00003154      0x25c c:/ac6/systemworkbench/plugins/fr.ac6.mcu.externaltools.arm-none.win32_1.15.0.201708311556/tools/compiler/bin/../lib/gcc/arm-none-eabi/6.3.1/../../../../arm-none-eabi/lib/thumb/v7e-m/fpv4-sp/hard\libc.a(lib_a-mprec.o)
 .debug_frame   0x000033b0       0x58 c:/ac6/systemworkbench/plugins/fr.ac6.mcu.externaltools.arm-none.win32_1.15.0.201708311556/tools/compiler/bin/../lib/gcc/arm-none-eabi/6.3.1/../../../../arm-none-eabi/lib/thumb/v7e-m/fpv4-sp/hard\libc.a(lib_a-reent.o)
 .debug_frame   0x00003408       0x78 c:/ac6/systemworkbench/plugins/fr.ac6.mcu.externaltools.arm-none.win32_1.15.0.201708311556/tools/compiler/bin/../lib/gcc/arm-none-eabi/6.3.1/../../../../arm-none-eabi/lib/thumb/v7e-m/fpv4-sp/hard\libc.a(lib_a-svfiprintf.o)
 .debug_frame   0x00003480       0x34 c:/ac6/systemworkbench/plugins/fr.ac6.mcu.externaltools.arm-none.win32_1.15.0.201708311556/tools/compiler/bin/../lib/gcc/arm-none-eabi/6.3.1/../../../../arm-none-eabi/lib/thumb/v7e-m/fpv4-sp/hard\libc.a(lib_a-__atexit.o)
 .debug_frame   0x000034b4       0x28 c:/ac6/systemworkbench/plugins/fr.ac6.mcu.externaltools.arm-none.win32_1.15.0.201708311556/tools/compiler/bin/../lib/gcc/arm-none-eabi/6.3.1/../../../../arm-none-eabi/lib/thumb/v7e-m/fpv4-sp/hard\libc.a(lib_a-callocr.o)
 .debug_frame   0x000034dc       0x6c c:/ac6/systemworkbench/plugins/fr.ac6.mcu.externaltools.arm-none.win32_1.15.0.201708311556/tools/compiler/bin/../lib/gcc/arm-none-eabi/6.3.1/../../../../arm-none-eabi/lib/thumb/v7e-m/fpv4-sp/hard\libc.a(lib_a-locale.o)
 .debug_frame   0x00003548       0x4c c:/ac6/systemworkbench/plugins/fr.ac6.mcu.externaltools.arm-none.win32_1.15.0.201708311556/tools/compiler/bin/../lib/gcc/arm-none-eabi/6.3.1/../../../../arm-none-eabi/lib/thumb/v7e-m/fpv4-sp/hard\libc.a(lib_a-mbtowc_r.o)
 .debug_frame   0x00003594       0x30 c:/ac6/systemworkbench/plugins/fr.ac6.mcu.externaltools.arm-none.win32_1.15.0.201708311556/tools/compiler/bin/../lib/gcc/arm-none-eabi/6.3.1/../../../../arm-none-eabi/lib/thumb/v7e-m/fpv4-sp/hard\libc.a(lib_a-memmove.o)
 .debug_frame   0x000035c4       0x68 c:/ac6/systemworkbench/plugins/fr.ac6.mcu.externaltools.arm-none.win32_1.15.0.201708311556/tools/compiler/bin/../lib/gcc/arm-none-eabi/6.3.1/../../../../arm-none-eabi/lib/thumb/v7e-m/fpv4-sp/hard\libc.a(lib_a-reallocr.o)
 .debug_frame   0x0000362c       0x3c c:/ac6/systemworkbench/plugins/fr.ac6.mcu.externaltools.arm-none.win32_1.15.0.201708311556/tools/compiler/bin/../lib/gcc/arm-none-eabi/6.3.1/../../../../arm-none-eabi/lib/thumb/v7e-m/fpv4-sp/hard\libc.a(lib_a-wctomb_r.o)
 .debug_frame   0x00003668       0xac c:/ac6/systemworkbench/plugins/fr.ac6.mcu.externaltools.arm-none.win32_1.15.0.201708311556/tools/compiler/bin/../lib/gcc/arm-none-eabi/6.3.1/thumb/v7e-m/fpv4-sp/hard\libgcc.a(_arm_addsubdf3.o)
 .debug_frame   0x00003714       0x50 c:/ac6/systemworkbench/plugins/fr.ac6.mcu.externaltools.arm-none.win32_1.15.0.201708311556/tools/compiler/bin/../lib/gcc/arm-none-eabi/6.3.1/thumb/v7e-m/fpv4-sp/hard\libgcc.a(_arm_muldivdf3.o)
 .debug_frame   0x00003764       0xc4 c:/ac6/systemworkbench/plugins/fr.ac6.mcu.externaltools.arm-none.win32_1.15.0.201708311556/tools/compiler/bin/../lib/gcc/arm-none-eabi/6.3.1/thumb/v7e-m/fpv4-sp/hard\libgcc.a(_arm_cmpdf2.o)
 .debug_frame   0x00003828       0x20 c:/ac6/systemworkbench/plugins/fr.ac6.mcu.externaltools.arm-none.win32_1.15.0.201708311556/tools/compiler/bin/../lib/gcc/arm-none-eabi/6.3.1/thumb/v7e-m/fpv4-sp/hard\libgcc.a(_arm_unorddf2.o)
 .debug_frame   0x00003848       0x24 c:/ac6/systemworkbench/plugins/fr.ac6.mcu.externaltools.arm-none.win32_1.15.0.201708311556/tools/compiler/bin/../lib/gcc/arm-none-eabi/6.3.1/thumb/v7e-m/fpv4-sp/hard\libgcc.a(_arm_fixdfsi.o)
 .debug_frame   0x0000386c       0x2c c:/ac6/systemworkbench/plugins/fr.ac6.mcu.externaltools.arm-none.win32_1.15.0.201708311556/tools/compiler/bin/../lib/gcc/arm-none-eabi/6.3.1/thumb/v7e-m/fpv4-sp/hard\libgcc.a(_aeabi_uldivmod.o)
 .debug_frame   0x00003898       0x34 c:/ac6/systemworkbench/plugins/fr.ac6.mcu.externaltools.arm-none.win32_1.15.0.201708311556/tools/compiler/bin/../lib/gcc/arm-none-eabi/6.3.1/thumb/v7e-m/fpv4-sp/hard\libgcc.a(_udivmoddi4.o)
