Archive member included to satisfy reference by file (symbol)

c:/ac6/systemworkbench/plugins/fr.ac6.mcu.externaltools.arm-none.win32_1.15.0.201708311556/tools/compiler/bin/../lib/gcc/arm-none-eabi/6.3.1/../../../../arm-none-eabi/lib/thumb/v7e-m/fpv4-sp/hard\libc.a(lib_a-errno.o)
                              src/syscalls.o (__errno)
c:/ac6/systemworkbench/plugins/fr.ac6.mcu.externaltools.arm-none.win32_1.15.0.201708311556/tools/compiler/bin/../lib/gcc/arm-none-eabi/6.3.1/../../../../arm-none-eabi/lib/thumb/v7e-m/fpv4-sp/hard\libc.a(lib_a-exit.o)
                              c:/ac6/systemworkbench/plugins/fr.ac6.mcu.externaltools.arm-none.win32_1.15.0.201708311556/tools/compiler/bin/../lib/gcc/arm-none-eabi/6.3.1/../../../../arm-none-eabi/lib/thumb/v7e-m/fpv4-sp/hard/crt0.o (exit)
c:/ac6/systemworkbench/plugins/fr.ac6.mcu.externaltools.arm-none.win32_1.15.0.201708311556/tools/compiler/bin/../lib/gcc/arm-none-eabi/6.3.1/../../../../arm-none-eabi/lib/thumb/v7e-m/fpv4-sp/hard\libc.a(lib_a-impure.o)
                              c:/ac6/systemworkbench/plugins/fr.ac6.mcu.externaltools.arm-none.win32_1.15.0.201708311556/tools/compiler/bin/../lib/gcc/arm-none-eabi/6.3.1/../../../../arm-none-eabi/lib/thumb/v7e-m/fpv4-sp/hard\libc.a(lib_a-exit.o) (_global_impure_ptr)
c:/ac6/systemworkbench/plugins/fr.ac6.mcu.externaltools.arm-none.win32_1.15.0.201708311556/tools/compiler/bin/../lib/gcc/arm-none-eabi/6.3.1/../../../../arm-none-eabi/lib/thumb/v7e-m/fpv4-sp/hard\libc.a(lib_a-init.o)
                              c:/ac6/systemworkbench/plugins/fr.ac6.mcu.externaltools.arm-none.win32_1.15.0.201708311556/tools/compiler/bin/../lib/gcc/arm-none-eabi/6.3.1/../../../../arm-none-eabi/lib/thumb/v7e-m/fpv4-sp/hard/crt0.o (__libc_init_array)
c:/ac6/systemworkbench/plugins/fr.ac6.mcu.externaltools.arm-none.win32_1.15.0.201708311556/tools/compiler/bin/../lib/gcc/arm-none-eabi/6.3.1/../../../../arm-none-eabi/lib/thumb/v7e-m/fpv4-sp/hard\libc.a(lib_a-malloc.o)
                              src/tm_stm32f4_delay.o (malloc)
c:/ac6/systemworkbench/plugins/fr.ac6.mcu.externaltools.arm-none.win32_1.15.0.201708311556/tools/compiler/bin/../lib/gcc/arm-none-eabi/6.3.1/../../../../arm-none-eabi/lib/thumb/v7e-m/fpv4-sp/hard\libc.a(lib_a-mallocr.o)
                              c:/ac6/systemworkbench/plugins/fr.ac6.mcu.externaltools.arm-none.win32_1.15.0.201708311556/tools/compiler/bin/../lib/gcc/arm-none-eabi/6.3.1/../../../../arm-none-eabi/lib/thumb/v7e-m/fpv4-sp/hard\libc.a(lib_a-malloc.o) (_malloc_r)
c:/ac6/systemworkbench/plugins/fr.ac6.mcu.externaltools.arm-none.win32_1.15.0.201708311556/tools/compiler/bin/../lib/gcc/arm-none-eabi/6.3.1/../../../../arm-none-eabi/lib/thumb/v7e-m/fpv4-sp/hard\libc.a(lib_a-memset.o)
                              c:/ac6/systemworkbench/plugins/fr.ac6.mcu.externaltools.arm-none.win32_1.15.0.201708311556/tools/compiler/bin/../lib/gcc/arm-none-eabi/6.3.1/../../../../arm-none-eabi/lib/thumb/v7e-m/fpv4-sp/hard/crt0.o (memset)
c:/ac6/systemworkbench/plugins/fr.ac6.mcu.externaltools.arm-none.win32_1.15.0.201708311556/tools/compiler/bin/../lib/gcc/arm-none-eabi/6.3.1/../../../../arm-none-eabi/lib/thumb/v7e-m/fpv4-sp/hard\libc.a(lib_a-mlock.o)
                              c:/ac6/systemworkbench/plugins/fr.ac6.mcu.externaltools.arm-none.win32_1.15.0.201708311556/tools/compiler/bin/../lib/gcc/arm-none-eabi/6.3.1/../../../../arm-none-eabi/lib/thumb/v7e-m/fpv4-sp/hard\libc.a(lib_a-mallocr.o) (__malloc_lock)
c:/ac6/systemworkbench/plugins/fr.ac6.mcu.externaltools.arm-none.win32_1.15.0.201708311556/tools/compiler/bin/../lib/gcc/arm-none-eabi/6.3.1/../../../../arm-none-eabi/lib/thumb/v7e-m/fpv4-sp/hard\libc.a(lib_a-rand.o)
                              src/main.o (srand)
c:/ac6/systemworkbench/plugins/fr.ac6.mcu.externaltools.arm-none.win32_1.15.0.201708311556/tools/compiler/bin/../lib/gcc/arm-none-eabi/6.3.1/../../../../arm-none-eabi/lib/thumb/v7e-m/fpv4-sp/hard\libc.a(lib_a-sbrkr.o)
                              c:/ac6/systemworkbench/plugins/fr.ac6.mcu.externaltools.arm-none.win32_1.15.0.201708311556/tools/compiler/bin/../lib/gcc/arm-none-eabi/6.3.1/../../../../arm-none-eabi/lib/thumb/v7e-m/fpv4-sp/hard\libc.a(lib_a-mallocr.o) (_sbrk_r)
c:/ac6/systemworkbench/plugins/fr.ac6.mcu.externaltools.arm-none.win32_1.15.0.201708311556/tools/compiler/bin/../lib/gcc/arm-none-eabi/6.3.1/../../../../arm-none-eabi/lib/thumb/v7e-m/fpv4-sp/hard\libc.a(lib_a-strlen.o)
                              src/sdmodule.o (strlen)
c:/ac6/systemworkbench/plugins/fr.ac6.mcu.externaltools.arm-none.win32_1.15.0.201708311556/tools/compiler/bin/../lib/gcc/arm-none-eabi/6.3.1/../../../../arm-none-eabi/lib/thumb/v7e-m/fpv4-sp/hard\libc.a(lib_a-__call_atexit.o)
                              c:/ac6/systemworkbench/plugins/fr.ac6.mcu.externaltools.arm-none.win32_1.15.0.201708311556/tools/compiler/bin/../lib/gcc/arm-none-eabi/6.3.1/../../../../arm-none-eabi/lib/thumb/v7e-m/fpv4-sp/hard\libc.a(lib_a-exit.o) (__call_exitprocs)
[...]
Memory Configuration

Name             Origin             Length             Attributes
FLASH            0x08000000         0x00100000         xr
RAM              0x20000000         0x00030000         xrw
MEMORY_B1        0x60000000         0x00000000         xr
*default*        0x00000000         0xffffffff

Linker script and memory map

LOAD c:/ac6/systemworkbench/plugins/fr.ac6.mcu.externaltools.arm-none.win32_1.15.0.201708311556/tools/compiler/bin/../lib/gcc/arm-none-eabi/6.3.1/thumb/v7e-m/fpv4-sp/hard/crti.o
LOAD c:/ac6/systemworkbench/plugins/fr.ac6.mcu.externaltools.arm-none.win32_1.15.0.201708311556/tools/compiler/bin/../lib/gcc/arm-none-eabi/6.3.1/thumb/v7e-m/fpv4-sp/hard/crtbegin.o
LOAD c:/ac6/systemworkbench/plugins/fr.ac6.mcu.externaltools.arm-none.win32_1.15.0.201708311556/tools/compiler/bin/../lib/gcc/arm-none-eabi/6.3.1/../../../../arm-none-eabi/lib/thumb/v7e-m/fpv4-sp/hard/crt0.o
LOAD StdPeriph_Driver/src/misc.o
LOAD StdPeriph_Driver/src/stm32f4xx_adc.o
LOAD StdPeriph_Driver/src/stm32f4xx_can.o
LOAD StdPeriph_Driver/src/stm32f4xx_crc.o
LOAD StdPeriph_Driver/src/stm32f4xx_cryp.o
LOAD StdPeriph_Driver/src/stm32f4xx_cryp_aes.o
LOAD StdPeriph_Driver/src/stm32f4xx_cryp_des.o
LOAD StdPeriph_Driver/src/stm32f4xx_cryp_tdes.o
LOAD StdPeriph_Driver/src/stm32f4xx_dac.o
LOAD StdPeriph_Driver/src/stm32f4xx_dbgmcu.o
LOAD StdPeriph_Driver/src/stm32f4xx_dcmi.o
LOAD StdPeriph_Driver/src/stm32f4xx_dma.o
LOAD StdPeriph_Driver/src/stm32f4xx_exti.o
LOAD StdPeriph_Driver/src/stm32f4xx_flash.o
LOAD StdPeriph_Driver/src/stm32f4xx_fsmc.o
LOAD StdPeriph_Driver/src/stm32f4xx_gpio.o
LOAD StdPeriph_Driver/src/stm32f4xx_hash.o
LOAD StdPeriph_Driver/src/stm32f4xx_hash_md5.o
LOAD StdPeriph_Driver/src/stm32f4xx_hash_sha1.o
LOAD StdPeriph_Driver/src/stm32f4xx_i2c.o
LOAD StdPeriph_Driver/src/stm32f4xx_iwdg.o
LOAD StdPeriph_Driver/src/stm32f4xx_pwr.o
LOAD StdPeriph_Driver/src/stm32f4xx_rcc.o
LOAD StdPeriph_Driver/src/stm32f4xx_rng.o
LOAD StdPeriph_Driver/src/stm32f4xx_rtc.o
LOAD StdPeriph_Driver/src/stm32f4xx_sdio.o
LOAD StdPeriph_Driver/src/stm32f4xx_spi.o
LOAD StdPeriph_Driver/src/stm32f4xx_syscfg.o
LOAD StdPeriph_Driver/src/stm32f4xx_tim.o
LOAD StdPeriph_Driver/src/stm32f4xx_usart.o
LOAD StdPeriph_Driver/src/stm32f4xx_wwdg.o
LOAD Utilities/stm32f4_discovery.o
LOAD Utilities/stm32f4_discovery_lis302dl.o
LOAD src/delay.o
LOAD src/ff.o
LOAD src/fpu.o
LOAD src/main.o
LOAD src/sdmodule.o
LOAD src/sensor.o
LOAD src/spi_sd.o
LOAD src/syscalls.o
LOAD src/system_stm32f4xx.o
LOAD src/tm_stm32f4_delay.o
LOAD src/tm_stm32f4_gpio.o
LOAD src/tm_stm32f4_hd44780.o
LOAD startup/startup_stm32f4xx.o
LOAD c:/ac6/systemworkbench/plugins/fr.ac6.mcu.externaltools.arm-none.win32_1.15.0.201708311556/tools/compiler/bin/../lib/gcc/arm-none-eabi/6.3.1/../../../../arm-none-eabi/lib/thumb/v7e-m/fpv4-sp/hard\libm.a
START GROUP
LOAD c:/ac6/systemworkbench/plugins/fr.ac6.mcu.externaltools.arm-none.win32_1.15.0.201708311556/tools/compiler/bin/../lib/gcc/arm-none-eabi/6.3.1/thumb/v7e-m/fpv4-sp/hard\libgcc.a
LOAD c:/ac6/systemworkbench/plugins/fr.ac6.mcu.externaltools.arm-none.win32_1.15.0.201708311556/tools/compiler/bin/../lib/gcc/arm-none-eabi/6.3.1/../../../../arm-none-eabi/lib/thumb/v7e-m/fpv4-sp/hard\libc.a
END GROUP
LOAD c:/ac6/systemworkbench/plugins/fr.ac6.mcu.externaltools.arm-none.win32_1.15.0.201708311556/tools/compiler/bin/../lib/gcc/arm-none-eabi/6.3.1/thumb/v7e-m/fpv4-sp/hard/crtend.o
LOAD c:/ac6/systemworkbench/plugins/fr.ac6.mcu.externaltools.arm-none.win32_1.15.0.201708311556/tools/compiler/bin/../lib/gcc/arm-none-eabi/6.3.1/thumb/v7e-m/fpv4-sp/hard/crtn.o
                0x20020000                _estack = 0x20020000
                0x00000000                _Min_Heap_Size = 0x0
                0x00000400                _Min_Stack_Size = 0x400

.isr_vector     0x08000000      0x188
                0x08000000                . = ALIGN (0x4)
 *(.isr_vector)
 .isr_vector    0x08000000      0x188 startup/startup_stm32f4xx.o
                0x08000000                g_pfnVectors
                0x08000188                . = ALIGN (0x4)

.text           0x08000188     0x1c34
                0x08000188                . = ALIGN (0x4)
 *(.text)
 .text          0x08000188       0x6c c:/ac6/systemworkbench/plugins/fr.ac6.mcu.externaltools.arm-none.win32_1.15.0.201708311556/tools/compiler/bin/../lib/gcc/arm-none-eabi/6.3.1/thumb/v7e-m/fpv4-sp/hard/crtbegin.o
 *(.text*)
 .text.GPIO_Init
                0x080001f4      0x11c StdPeriph_Driver/src/stm32f4xx_gpio.o
                0x080001f4                GPIO_Init
 .text.GPIO_ReadInputDataBit
                0x08000310       0x34 StdPeriph_Driver/src/stm32f4xx_gpio.o
                0x08000310                GPIO_ReadInputDataBit
 .text.GPIO_SetBits
                0x08000344       0x1e StdPeriph_Driver/src/stm32f4xx_gpio.o
                0x08000344                GPIO_SetBits
 .text.GPIO_ToggleBits
                0x08000362       0x24 StdPeriph_Driver/src/stm32f4xx_gpio.o
                0x08000362                GPIO_ToggleBits
 *fill*         0x08000386        0x2 
 .text.RCC_AHB1PeriphClockCmd
                0x08000388       0x40 StdPeriph_Driver/src/stm32f4xx_rcc.o
                0x08000388                RCC_AHB1PeriphClockCmd
 .text.RCC_APB1PeriphClockCmd
                0x080003c8       0x40 StdPeriph_Driver/src/stm32f4xx_rcc.o
                0x080003c8                RCC_APB1PeriphClockCmd
 .text.TIM_TimeBaseInit
                0x08000408       0xd8 StdPeriph_Driver/src/stm32f4xx_tim.o
                0x08000408                TIM_TimeBaseInit
 .text.TIM_Cmd  0x080004e0       0x40 StdPeriph_Driver/src/stm32f4xx_tim.o
                0x080004e0                TIM_Cmd
 .text.Delayms  0x08000520       0x58 src/main.o
 .text.Question_Control_TRUE
                0x08000578       0xbc src/main.o
                0x08000578                Question_Control_TRUE
 .text.Question_Control_FALSE
                0x08000634       0xc8 src/main.o
                0x08000634                Question_Control_FALSE
 .text.Get_Question
                0x080006fc      0x154 src/main.o
                0x080006fc                Get_Question
 .text.init_counter
                0x08000850       0x14 src/main.o
                0x08000850                init_counter
 .text.main     0x08000864      0x12c src/main.o
                0x08000864                main
 .text._sbrk    0x08000990       0x58 src/syscalls.o
                0x08000990                _sbrk
 .text.SystemInit
                0x080009e8       0x5c src/system_stm32f4xx.o
                0x080009e8                SystemInit
 .text.SetSysClock
                0x08000a44      0x128 src/system_stm32f4xx.o
 .text.NVIC_SetPriority
                0x08000b6c       0x54 src/tm_stm32f4_delay.o
 .text.SysTick_Config
                0x08000bc0       0x44 src/tm_stm32f4_delay.o
 .text.SysTick_Handler
                0x08000c04       0xf0 src/tm_stm32f4_delay.o
                0x08000c04                SysTick_Handler
 .text.TM_DELAY_Init
                0x08000cf4       0x50 src/tm_stm32f4_delay.o
                0x08000cf4                TM_DELAY_Init
 .text.TM_GPIO_Init
                0x08000d44       0x46 src/tm_stm32f4_gpio.o
                0x08000d44                TM_GPIO_Init
 .text.TM_GPIO_GetPortSource
                0x08000d8a       0x22 src/tm_stm32f4_gpio.o
                0x08000d8a                TM_GPIO_GetPortSource
 .text.TM_GPIO_INT_EnableClock
                0x08000dac       0x30 src/tm_stm32f4_gpio.o
                0x08000dac                TM_GPIO_INT_EnableClock
 .text.TM_GPIO_INT_Init
                0x08000ddc      0x10c src/tm_stm32f4_gpio.o
                0x08000ddc                TM_GPIO_INT_Init
 .text.Delay    0x08000ee8       0x5c src/tm_stm32f4_hd44780.o
 .text.TM_HD44780_Init
                0x08000f44       0xd0 src/tm_stm32f4_hd44780.o
                0x08000f44                TM_HD44780_Init
 .text.TM_HD44780_Clear
                0x08001014       0x16 src/tm_stm32f4_hd44780.o
                0x08001014                TM_HD44780_Clear
 *fill*         0x0800102a        0x2 
 .text.TM_HD44780_Puts
                0x0800102c       0xb8 src/tm_stm32f4_hd44780.o
                0x0800102c                TM_HD44780_Puts
 .text.TM_HD44780_DisplayOn
                0x080010e4       0x2c src/tm_stm32f4_hd44780.o
                0x080010e4                TM_HD44780_DisplayOn
 .text.TM_HD44780_Cmd
                0x08001110       0x38 src/tm_stm32f4_hd44780.o
 .text.TM_HD44780_Data
                0x08001148       0x38 src/tm_stm32f4_hd44780.o
 .text.TM_HD44780_Cmd4bit
                0x08001180       0xa4 src/tm_stm32f4_hd44780.o
 .text.TM_HD44780_CursorSet
                0x08001224       0x64 src/tm_stm32f4_hd44780.o
 .text.TM_HD44780_InitPins
                0x08001288       0xc0 src/tm_stm32f4_hd44780.o
 .text.Reset_Handler
                0x08001348       0x48 startup/startup_stm32f4xx.o
                0x08001348                Reset_Handler
 .text.Default_Handler
                0x08001390        0x2 startup/startup_stm32f4xx.o
                0x08001390                RTC_Alarm_IRQHandler
                0x08001390                HASH_RNG_IRQHandler
                0x08001390                EXTI2_IRQHandler
                0x08001390                TIM8_CC_IRQHandler
                0x08001390                DebugMon_Handler
                0x08001390                TIM1_CC_IRQHandler
                0x08001390                DMA2_Stream5_IRQHandler
                0x08001390                HardFault_Handler
                0x08001390                DMA1_Stream5_IRQHandler
                0x08001390                PVD_IRQHandler
                0x08001390                SDIO_IRQHandler
                0x08001390                TAMP_STAMP_IRQHandler
                0x08001390                PendSV_Handler
                0x08001390                NMI_Handler
                0x08001390                CAN2_RX1_IRQHandler
                0x08001390                EXTI3_IRQHandler
                0x08001390                TIM8_TRG_COM_TIM14_IRQHandler
                0x08001390                TIM1_UP_TIM10_IRQHandler
                0x08001390                TIM8_UP_TIM13_IRQHandler
                0x08001390                I2C3_ER_IRQHandler
                0x08001390                EXTI0_IRQHandler
                0x08001390                I2C2_EV_IRQHandler
                0x08001390                DMA1_Stream2_IRQHandler
                0x08001390                CAN1_RX0_IRQHandler
                0x08001390                FPU_IRQHandler
                0x08001390                OTG_HS_WKUP_IRQHandler
                0x08001390                UsageFault_Handler
                0x08001390                CAN2_SCE_IRQHandler
                0x08001390                DMA2_Stream2_IRQHandler
                0x08001390                SPI1_IRQHandler
                0x08001390                TIM6_DAC_IRQHandler
                0x08001390                TIM1_BRK_TIM9_IRQHandler
                0x08001390                DCMI_IRQHandler
                0x08001390                CAN2_RX0_IRQHandler
                0x08001390                DMA2_Stream3_IRQHandler
                0x08001390                USART6_IRQHandler
                0x08001390                USART3_IRQHandler
                0x08001390                CRYP_IRQHandler
                0x08001390                CAN1_RX1_IRQHandler
                0x08001390                UART5_IRQHandler
                0x08001390                DMA2_Stream0_IRQHandler
                0x08001390                TIM4_IRQHandler
                0x08001390                I2C1_EV_IRQHandler
                0x08001390                DMA1_Stream6_IRQHandler
                0x08001390                DMA1_Stream1_IRQHandler
                0x08001390                UART4_IRQHandler
                0x08001390                TIM3_IRQHandler
                0x08001390                RCC_IRQHandler
                0x08001390                TIM8_BRK_TIM12_IRQHandler
                0x08001390                Default_Handler
                0x08001390                EXTI15_10_IRQHandler
                0x08001390                ADC_IRQHandler
                0x08001390                DMA1_Stream7_IRQHandler
                0x08001390                TIM7_IRQHandler
                0x08001390                CAN2_TX_IRQHandler
                0x08001390                TIM5_IRQHandler
                0x08001390                DMA2_Stream7_IRQHandler
                0x08001390                I2C3_EV_IRQHandler
                0x08001390                EXTI9_5_IRQHandler
                0x08001390                RTC_WKUP_IRQHandler
                0x08001390                ETH_WKUP_IRQHandler
                0x08001390                SPI2_IRQHandler
                0x08001390                OTG_HS_EP1_IN_IRQHandler
                0x08001390                MemManage_Handler
                0x08001390                DMA1_Stream0_IRQHandler
                0x08001390                CAN1_TX_IRQHandler
                0x08001390                SVC_Handler
                0x08001390                EXTI4_IRQHandler
                0x08001390                FSMC_IRQHandler
                0x08001390                ETH_IRQHandler
                0x08001390                OTG_HS_EP1_OUT_IRQHandler
                0x08001390                WWDG_IRQHandler
                0x08001390                TIM2_IRQHandler
                0x08001390                OTG_FS_WKUP_IRQHandler
                0x08001390                TIM1_TRG_COM_TIM11_IRQHandler
                0x08001390                OTG_HS_IRQHandler
                0x08001390                EXTI1_IRQHandler
                0x08001390                USART2_IRQHandler
                0x08001390                I2C2_ER_IRQHandler
                0x08001390                DMA2_Stream1_IRQHandler
                0x08001390                CAN1_SCE_IRQHandler
                0x08001390                FLASH_IRQHandler
                0x08001390                DMA2_Stream4_IRQHandler
                0x08001390                BusFault_Handler
                0x08001390                USART1_IRQHandler
                0x08001390                OTG_FS_IRQHandler
                0x08001390                SPI3_IRQHandler
                0x08001390                DMA1_Stream4_IRQHandler
                0x08001390                I2C1_ER_IRQHandler
                0x08001390                DMA2_Stream6_IRQHandler
                0x08001390                DMA1_Stream3_IRQHandler
 *fill*         0x08001392        0x2 
 .text.__errno  0x08001394        0xc c:/ac6/systemworkbench/plugins/fr.ac6.mcu.externaltools.arm-none.win32_1.15.0.201708311556/tools/compiler/bin/../lib/gcc/arm-none-eabi/6.3.1/../../../../arm-none-eabi/lib/thumb/v7e-m/fpv4-sp/hard\libc.a(lib_a-errno.o)
                0x08001394                __errno
 .text.__libc_init_array
                0x080013a0       0x50 c:/ac6/systemworkbench/plugins/fr.ac6.mcu.externaltools.arm-none.win32_1.15.0.201708311556/tools/compiler/bin/../lib/gcc/arm-none-eabi/6.3.1/../../../../arm-none-eabi/lib/thumb/v7e-m/fpv4-sp/hard\libc.a(lib_a-init.o)
                0x080013a0                __libc_init_array
 .text.malloc   0x080013f0       0x10 c:/ac6/systemworkbench/plugins/fr.ac6.mcu.externaltools.arm-none.win32_1.15.0.201708311556/tools/compiler/bin/../lib/gcc/arm-none-eabi/6.3.1/../../../../arm-none-eabi/lib/thumb/v7e-m/fpv4-sp/hard\libc.a(lib_a-malloc.o)
                0x080013f0                malloc
 .text._malloc_r
                0x08001400      0x560 c:/ac6/systemworkbench/plugins/fr.ac6.mcu.externaltools.arm-none.win32_1.15.0.201708311556/tools/compiler/bin/../lib/gcc/arm-none-eabi/6.3.1/../../../../arm-none-eabi/lib/thumb/v7e-m/fpv4-sp/hard\libc.a(lib_a-mallocr.o)
                0x08001400                _malloc_r
 .text.__malloc_lock
                0x08001960        0xc c:/ac6/systemworkbench/plugins/fr.ac6.mcu.externaltools.arm-none.win32_1.15.0.201708311556/tools/compiler/bin/../lib/gcc/arm-none-eabi/6.3.1/../../../../arm-none-eabi/lib/thumb/v7e-m/fpv4-sp/hard\libc.a(lib_a-mlock.o)
                0x08001960                __malloc_lock
 .text.__malloc_unlock
                0x0800196c        0xc c:/ac6/systemworkbench/plugins/fr.ac6.mcu.externaltools.arm-none.win32_1.15.0.201708311556/tools/compiler/bin/../lib/gcc/arm-none-eabi/6.3.1/../../../../arm-none-eabi/lib/thumb/v7e-m/fpv4-sp/hard\libc.a(lib_a-mlock.o)
                0x0800196c                __malloc_unlock
 .text.srand    0x08001978       0x14 c:/ac6/systemworkbench/plugins/fr.ac6.mcu.externaltools.arm-none.win32_1.15.0.201708311556/tools/compiler/bin/../lib/gcc/arm-none-eabi/6.3.1/../../../../arm-none-eabi/lib/thumb/v7e-m/fpv4-sp/hard\libc.a(lib_a-rand.o)
                0x08001978                srand
 .text.rand     0x0800198c       0x40 c:/ac6/systemworkbench/plugins/fr.ac6.mcu.externaltools.arm-none.win32_1.15.0.201708311556/tools/compiler/bin/../lib/gcc/arm-none-eabi/6.3.1/../../../../arm-none-eabi/lib/thumb/v7e-m/fpv4-sp/hard\libc.a(lib_a-rand.o)
                0x0800198c                rand
 .text._sbrk_r  0x080019cc       0x24 c:/ac6/systemworkbench/plugins/fr.ac6.mcu.externaltools.arm-none.win32_1.15.0.201708311556/tools/compiler/bin/../lib/gcc/arm-none-eabi/6.3.1/../../../../arm-none-eabi/lib/thumb/v7e-m/fpv4-sp/hard\libc.a(lib_a-sbrkr.o)
                0x080019cc                _sbrk_r
 .text.startup.register_fini
                0x080019f0       0x14 c:/ac6/systemworkbench/plugins/fr.ac6.mcu.externaltools.arm-none.win32_1.15.0.201708311556/tools/compiler/bin/../lib/gcc/arm-none-eabi/6.3.1/../../../../arm-none-eabi/lib/thumb/v7e-m/fpv4-sp/hard\libc.a(lib_a-__call_atexit.o)
 .text.atexit   0x08001a04        0xc c:/ac6/systemworkbench/plugins/fr.ac6.mcu.externaltools.arm-none.win32_1.15.0.201708311556/tools/compiler/bin/../lib/gcc/arm-none-eabi/6.3.1/../../../../arm-none-eabi/lib/thumb/v7e-m/fpv4-sp/hard\libc.a(lib_a-atexit.o)
                0x08001a04                atexit
 .text.__libc_fini_array
                0x08001a10       0x34 c:/ac6/systemworkbench/plugins/fr.ac6.mcu.externaltools.arm-none.win32_1.15.0.201708311556/tools/compiler/bin/../lib/gcc/arm-none-eabi/6.3.1/../../../../arm-none-eabi/lib/thumb/v7e-m/fpv4-sp/hard\libc.a(lib_a-fini.o)
                0x08001a10                __libc_fini_array
 .text._malloc_trim_r
                0x08001a44       0xa0 c:/ac6/systemworkbench/plugins/fr.ac6.mcu.externaltools.arm-none.win32_1.15.0.201708311556/tools/compiler/bin/../lib/gcc/arm-none-eabi/6.3.1/../../../../arm-none-eabi/lib/thumb/v7e-m/fpv4-sp/hard\libc.a(lib_a-freer.o)
                0x08001a44                _malloc_trim_r
 .text._free_r  0x08001ae4      0x1cc c:/ac6/systemworkbench/plugins/fr.ac6.mcu.externaltools.arm-none.win32_1.15.0.201708311556/tools/compiler/bin/../lib/gcc/arm-none-eabi/6.3.1/../../../../arm-none-eabi/lib/thumb/v7e-m/fpv4-sp/hard\libc.a(lib_a-freer.o)
                0x08001ae4                _free_r
 .text.__retarget_lock_acquire_recursive
                0x08001cb0        0x4 c:/ac6/systemworkbench/plugins/fr.ac6.mcu.externaltools.arm-none.win32_1.15.0.201708311556/tools/compiler/bin/../lib/gcc/arm-none-eabi/6.3.1/../../../../arm-none-eabi/lib/thumb/v7e-m/fpv4-sp/hard\libc.a(lib_a-lock.o)
                0x08001cb0                __retarget_lock_acquire_recursive
 .text.__retarget_lock_release_recursive
                0x08001cb4        0x4 c:/ac6/systemworkbench/plugins/fr.ac6.mcu.externaltools.arm-none.win32_1.15.0.201708311556/tools/compiler/bin/../lib/gcc/arm-none-eabi/6.3.1/../../../../arm-none-eabi/lib/thumb/v7e-m/fpv4-sp/hard\libc.a(lib_a-lock.o)
                0x08001cb4                __retarget_lock_release_recursive
 .text.__register_exitproc
                0x08001cb8       0xc4 c:/ac6/systemworkbench/plugins/fr.ac6.mcu.externaltools.arm-none.win32_1.15.0.201708311556/tools/compiler/bin/../lib/gcc/arm-none-eabi/6.3.1/../../../../arm-none-eabi/lib/thumb/v7e-m/fpv4-sp/hard\libc.a(lib_a-__atexit.o)
                0x08001cb8                __register_exitproc
 *(.rodata)
 .rodata        0x08001d7c       0x1d src/main.o
 *fill*         0x08001d99        0x3 
 .rodata        0x08001d9c        0x4 src/tm_stm32f4_hd44780.o
 *(.rodata*)
 .rodata._global_impure_ptr
                0x08001da0        0x4 c:/ac6/systemworkbench/plugins/fr.ac6.mcu.externaltools.arm-none.win32_1.15.0.201708311556/tools/compiler/bin/../lib/gcc/arm-none-eabi/6.3.1/../../../../arm-none-eabi/lib/thumb/v7e-m/fpv4-sp/hard\libc.a(lib_a-impure.o)
                0x08001da0                _global_impure_ptr
 *(.glue_7)
 .glue_7        0x08001da4        0x0 linker stubs
 *(.glue_7t)
 .glue_7t       0x08001da4        0x0 linker stubs
 *(.eh_frame)
 .eh_frame      0x08001da4        0x0 c:/ac6/systemworkbench/plugins/fr.ac6.mcu.externaltools.arm-none.win32_1.15.0.201708311556/tools/compiler/bin/../lib/gcc/arm-none-eabi/6.3.1/thumb/v7e-m/fpv4-sp/hard/crtbegin.o
 *(.init)
 .init          0x08001da4        0x4 c:/ac6/systemworkbench/plugins/fr.ac6.mcu.externaltools.arm-none.win32_1.15.0.201708311556/tools/compiler/bin/../lib/gcc/arm-none-eabi/6.3.1/thumb/v7e-m/fpv4-sp/hard/crti.o
                0x08001da4                _init
 .init          0x08001da8        0x8 c:/ac6/systemworkbench/plugins/fr.ac6.mcu.externaltools.arm-none.win32_1.15.0.201708311556/tools/compiler/bin/../lib/gcc/arm-none-eabi/6.3.1/thumb/v7e-m/fpv4-sp/hard/crtn.o
 *(.fini)
 .fini          0x08001db0        0x4 c:/ac6/systemworkbench/plugins/fr.ac6.mcu.externaltools.arm-none.win32_1.15.0.201708311556/tools/compiler/bin/../lib/gcc/arm-none-eabi/6.3.1/thumb/v7e-m/fpv4-sp/hard/crti.o
                0x08001db0                _fini
 .fini          0x08001db4        0x8 c:/ac6/systemworkbench/plugins/fr.ac6.mcu.externaltools.arm-none.win32_1.15.0.201708311556/tools/compiler/bin/../lib/gcc/arm-none-eabi/6.3.1/thumb/v7e-m/fpv4-sp/hard/crtn.o
                0x08001dbc                . = ALIGN (0x4)
                0x08001dbc                _etext = .

.vfp11_veneer   0x08001dbc        0x0
 .vfp11_veneer  0x08001dbc        0x0 linker stubs

.v4_bx          0x08001dbc        0x0
 .v4_bx         0x08001dbc        0x0 linker stubs

.iplt           0x08001dbc        0x0
 .iplt          0x08001dbc        0x0 c:/ac6/systemworkbench/plugins/fr.ac6.mcu.externaltools.arm-none.win32_1.15.0.201708311556/tools/compiler/bin/../lib/gcc/arm-none-eabi/6.3.1/thumb/v7e-m/fpv4-sp/hard/crtbegin.o

.rel.dyn        0x08001dbc        0x0
 .rel.iplt      0x08001dbc        0x0 c:/ac6/systemworkbench/plugins/fr.ac6.mcu.externaltools.arm-none.win32_1.15.0.201708311556/tools/compiler/bin/../lib/gcc/arm-none-eabi/6.3.1/thumb/v7e-m/fpv4-sp/hard/crtbegin.o

.ARM.extab
 *(.ARM.extab* .gnu.linkonce.armextab.*)

.ARM            0x08001dbc        0x0
                0x08001dbc                __exidx_start = .
 *(.ARM.exidx*)
                0x08001dbc                __exidx_end = .

.preinit_array  0x08001dbc        0x0
                0x08001dbc                PROVIDE (__preinit_array_start, .)
 *(.preinit_array*)
                0x08001dbc                PROVIDE (__preinit_array_end, .)

.init_array     0x08001dbc        0x8
                0x08001dbc                PROVIDE (__init_array_start, .)
 *(SORT(.init_array.*))
 .init_array.00000
                0x08001dbc        0x4 c:/ac6/systemworkbench/plugins/fr.ac6.mcu.externaltools.arm-none.win32_1.15.0.201708311556/tools/compiler/bin/../lib/gcc/arm-none-eabi/6.3.1/../../../../arm-none-eabi/lib/thumb/v7e-m/fpv4-sp/hard\libc.a(lib_a-__call_atexit.o)
 *(.init_array*)
 .init_array    0x08001dc0        0x4 c:/ac6/systemworkbench/plugins/fr.ac6.mcu.externaltools.arm-none.win32_1.15.0.201708311556/tools/compiler/bin/../lib/gcc/arm-none-eabi/6.3.1/thumb/v7e-m/fpv4-sp/hard/crtbegin.o
                0x08001dc4                PROVIDE (__init_array_end, .)

.fini_array     0x08001dc4        0x4
                0x08001dc4                PROVIDE (__fini_array_start, .)
 *(.fini_array*)
 .fini_array    0x08001dc4        0x4 c:/ac6/systemworkbench/plugins/fr.ac6.mcu.externaltools.arm-none.win32_1.15.0.201708311556/tools/compiler/bin/../lib/gcc/arm-none-eabi/6.3.1/thumb/v7e-m/fpv4-sp/hard/crtbegin.o
 *(SORT(.fini_array.*))
                0x08001dc8                PROVIDE (__fini_array_end, .)
                0x08001dc8                _sidata = .

.data           0x20000000     0x11bc load address 0x08001dc8
                0x20000000                . = ALIGN (0x4)
                0x20000000                _sdata = .
 *(.data)
 .data          0x20000000      0x964 src/main.o
                0x20000000                NUMBEROFQUESTIONS
                0x20000004                TRUE
                0x200004b4                FALSE
 .data          0x20000964       0x14 src/system_stm32f4xx.o
                0x20000964                SystemCoreClock
                0x20000968                AHBPrescTable
 *(.data*)
 .data._impure_ptr
                0x20000978        0x4 c:/ac6/systemworkbench/plugins/fr.ac6.mcu.externaltools.arm-none.win32_1.15.0.201708311556/tools/compiler/bin/../lib/gcc/arm-none-eabi/6.3.1/../../../../arm-none-eabi/lib/thumb/v7e-m/fpv4-sp/hard\libc.a(lib_a-impure.o)
                0x20000978                _impure_ptr
 *fill*         0x2000097c        0x4 
 .data.impure_data
                0x20000980      0x428 c:/ac6/systemworkbench/plugins/fr.ac6.mcu.externaltools.arm-none.win32_1.15.0.201708311556/tools/compiler/bin/../lib/gcc/arm-none-eabi/6.3.1/../../../../arm-none-eabi/lib/thumb/v7e-m/fpv4-sp/hard\libc.a(lib_a-impure.o)
 .data.__malloc_av_
                0x20000da8      0x408 c:/ac6/systemworkbench/plugins/fr.ac6.mcu.externaltools.arm-none.win32_1.15.0.201708311556/tools/compiler/bin/../lib/gcc/arm-none-eabi/6.3.1/../../../../arm-none-eabi/lib/thumb/v7e-m/fpv4-sp/hard\libc.a(lib_a-mallocr.o)
                0x20000da8                __malloc_av_
 .data.__malloc_sbrk_base
                0x200011b0        0x4 c:/ac6/systemworkbench/plugins/fr.ac6.mcu.externaltools.arm-none.win32_1.15.0.201708311556/tools/compiler/bin/../lib/gcc/arm-none-eabi/6.3.1/../../../../arm-none-eabi/lib/thumb/v7e-m/fpv4-sp/hard\libc.a(lib_a-mallocr.o)
                0x200011b0                __malloc_sbrk_base
 .data.__malloc_trim_threshold
                0x200011b4        0x4 c:/ac6/systemworkbench/plugins/fr.ac6.mcu.externaltools.arm-none.win32_1.15.0.201708311556/tools/compiler/bin/../lib/gcc/arm-none-eabi/6.3.1/../../../../arm-none-eabi/lib/thumb/v7e-m/fpv4-sp/hard\libc.a(lib_a-mallocr.o)
                0x200011b4                __malloc_trim_threshold
 .data.__atexit_recursive_mutex
                0x200011b8        0x4 c:/ac6/systemworkbench/plugins/fr.ac6.mcu.externaltools.arm-none.win32_1.15.0.201708311556/tools/compiler/bin/../lib/gcc/arm-none-eabi/6.3.1/../../../../arm-none-eabi/lib/thumb/v7e-m/fpv4-sp/hard\libc.a(lib_a-__call_atexit.o)
                0x200011b8                __atexit_recursive_mutex
                0x200011bc                . = ALIGN (0x4)
                0x200011bc                _edata = .

.jcr            0x200011bc        0x0 load address 0x08002f84
 .jcr           0x200011bc        0x0 c:/ac6/systemworkbench/plugins/fr.ac6.mcu.externaltools.arm-none.win32_1.15.0.201708311556/tools/compiler/bin/../lib/gcc/arm-none-eabi/6.3.1/thumb/v7e-m/fpv4-sp/hard/crtbegin.o

.igot.plt       0x200011bc        0x0 load address 0x08002f84
 .igot.plt      0x200011bc        0x0 c:/ac6/systemworkbench/plugins/fr.ac6.mcu.externaltools.arm-none.win32_1.15.0.201708311556/tools/compiler/bin/../lib/gcc/arm-none-eabi/6.3.1/thumb/v7e-m/fpv4-sp/hard/crtbegin.o
                0x200011bc                . = ALIGN (0x4)

.bss            0x200011bc      0x1a8 load address 0x08002f84
                0x200011bc                _sbss = .
                0x200011bc                __bss_start__ = _sbss
 *(.bss)
 .bss           0x200011bc       0x1c c:/ac6/systemworkbench/plugins/fr.ac6.mcu.externaltools.arm-none.win32_1.15.0.201708311556/tools/compiler/bin/../lib/gcc/arm-none-eabi/6.3.1/thumb/v7e-m/fpv4-sp/hard/crtbegin.o
 .bss           0x200011d8       0x10 src/main.o
                0x200011d8                bylo
                0x200011dc                true_or_false
                0x200011e0                counter_of_already_TRUE
                0x200011e4                counter_of_already_FALSE
 .bss           0x200011e8        0x8 src/syscalls.o
                0x200011e8                __env
 .bss           0x200011f0       0x28 src/tm_stm32f4_delay.o
                0x200011f0                TM_TimingDelay
                0x200011f4                TM_Time
                0x200011f8                TM_Time2
                0x200011fc                TM_DELAY_Initialized
 .bss           0x20001218       0x16 src/tm_stm32f4_gpio.o
 *fill*         0x2000122e        0x2 
 .bss           0x20001230        0x7 src/tm_stm32f4_hd44780.o
 *(.bss*)
 *fill*         0x20001237        0x1 
 .bss.__malloc_current_mallinfo
                0x20001238       0x28 c:/ac6/systemworkbench/plugins/fr.ac6.mcu.externaltools.arm-none.win32_1.15.0.201708311556/tools/compiler/bin/../lib/gcc/arm-none-eabi/6.3.1/../../../../arm-none-eabi/lib/thumb/v7e-m/fpv4-sp/hard\libc.a(lib_a-mallocr.o)
                0x20001238                __malloc_current_mallinfo
 .bss.__malloc_max_sbrked_mem
                0x20001260        0x4 c:/ac6/systemworkbench/plugins/fr.ac6.mcu.externaltools.arm-none.win32_1.15.0.201708311556/tools/compiler/bin/../lib/gcc/arm-none-eabi/6.3.1/../../../../arm-none-eabi/lib/thumb/v7e-m/fpv4-sp/hard\libc.a(lib_a-mallocr.o)
                0x20001260                __malloc_max_sbrked_mem
 .bss.__malloc_max_total_mem
                0x20001264        0x4 c:/ac6/systemworkbench/plugins/fr.ac6.mcu.externaltools.arm-none.win32_1.15.0.201708311556/tools/compiler/bin/../lib/gcc/arm-none-eabi/6.3.1/../../../../arm-none-eabi/lib/thumb/v7e-m/fpv4-sp/hard\libc.a(lib_a-mallocr.o)
                0x20001264                __malloc_max_total_mem
 .bss.__malloc_top_pad
                0x20001268        0x4 c:/ac6/systemworkbench/plugins/fr.ac6.mcu.externaltools.arm-none.win32_1.15.0.201708311556/tools/compiler/bin/../lib/gcc/arm-none-eabi/6.3.1/../../../../arm-none-eabi/lib/thumb/v7e-m/fpv4-sp/hard\libc.a(lib_a-mallocr.o)
                0x20001268                __malloc_top_pad
 *(COMMON)
 COMMON         0x2000126c       0xcc src/main.o
                0x2000126c                already_FALSE
                0x200012d0                question_to_display
                0x200012d4                already_TRUE
 COMMON         0x20001338        0x4 src/tm_stm32f4_delay.o
                0x20001338                mult
 COMMON         0x2000133c       0x21 c:/ac6/systemworkbench/plugins/fr.ac6.mcu.externaltools.arm-none.win32_1.15.0.201708311556/tools/compiler/bin/../lib/gcc/arm-none-eabi/6.3.1/../../../../arm-none-eabi/lib/thumb/v7e-m/fpv4-sp/hard\libc.a(lib_a-lock.o)
                0x2000133c                __lock___atexit_recursive_mutex
                0x20001340                __lock___arc4random_mutex
                0x20001344                __lock___env_recursive_mutex
                0x20001348                __lock___sinit_recursive_mutex
                0x2000134c                __lock___malloc_recursive_mutex
                0x20001350                __lock___at_quick_exit_mutex
                0x20001354                __lock___dd_hash_mutex
                0x20001358                __lock___tz_mutex
                0x2000135c                __lock___sfp_recursive_mutex
 *fill*         0x2000135d        0x3 
 COMMON         0x20001360        0x4 c:/ac6/systemworkbench/plugins/fr.ac6.mcu.externaltools.arm-none.win32_1.15.0.201708311556/tools/compiler/bin/../lib/gcc/arm-none-eabi/6.3.1/../../../../arm-none-eabi/lib/thumb/v7e-m/fpv4-sp/hard\libc.a(lib_a-reent.o)
                0x20001360                errno
                0x20001364                . = ALIGN (0x4)
                0x20001364                _ebss = .
                0x20001364                __bss_end__ = _ebss

._user_heap_stack
                0x20001364      0x404 load address 0x0800312c
                0x20001368                . = ALIGN (0x8)
 *fill*         0x20001364        0x4 
                0x20001368                PROVIDE (end, .)
                [!provide]                PROVIDE (_end, .)
                0x20001368                . = (. + _Min_Heap_Size)
                0x20001768                . = (. + _Min_Stack_Size)
 *fill*         0x20001368      0x400 
                0x20001768                . = ALIGN (0x8)

.memory_b1_text
 *(.mb1text)
 *(.mb1text*)
 *(.mb1rodata)
 *(.mb1rodata*)

/DISCARD/
 libc.a(*)
 libm.a(*)
 libgcc.a(*)

.ARM.attributes
                0x00000000       0x30
 *(.ARM.attributes)
 .ARM.attributes
                0x00000000       0x22 c:/ac6/systemworkbench/plugins/fr.ac6.mcu.externaltools.arm-none.win32_1.15.0.201708311556/tools/compiler/bin/../lib/gcc/arm-none-eabi/6.3.1/thumb/v7e-m/fpv4-sp/hard/crti.o
 .ARM.attributes
                0x00000022       0x34 c:/ac6/systemworkbench/plugins/fr.ac6.mcu.externaltools.arm-none.win32_1.15.0.201708311556/tools/compiler/bin/../lib/gcc/arm-none-eabi/6.3.1/thumb/v7e-m/fpv4-sp/hard/crtbegin.o
 .ARM.attributes
                0x00000056       0x39 StdPeriph_Driver/src/stm32f4xx_gpio.o
 .ARM.attributes
                0x0000008f       0x39 StdPeriph_Driver/src/stm32f4xx_rcc.o
 .ARM.attributes
                0x000000c8       0x39 StdPeriph_Driver/src/stm32f4xx_tim.o
 .ARM.attributes
                0x00000101       0x39 src/main.o
 .ARM.attributes
                0x0000013a       0x39 src/syscalls.o
 .ARM.attributes
                0x00000173       0x39 src/system_stm32f4xx.o
 .ARM.attributes
                0x000001ac       0x39 src/tm_stm32f4_delay.o
 .ARM.attributes
                0x000001e5       0x39 src/tm_stm32f4_gpio.o
 .ARM.attributes
                0x0000021e       0x39 src/tm_stm32f4_hd44780.o
 .ARM.attributes
                0x00000257       0x21 startup/startup_stm32f4xx.o
 .ARM.attributes
                0x00000278       0x34 c:/ac6/systemworkbench/plugins/fr.ac6.mcu.externaltools.arm-none.win32_1.15.0.201708311556/tools/compiler/bin/../lib/gcc/arm-none-eabi/6.3.1/../../../../arm-none-eabi/lib/thumb/v7e-m/fpv4-sp/hard\libc.a(lib_a-errno.o)
 .ARM.attributes
                0x000002ac       0x34 c:/ac6/systemworkbench/plugins/fr.ac6.mcu.externaltools.arm-none.win32_1.15.0.201708311556/tools/compiler/bin/../lib/gcc/arm-none-eabi/6.3.1/../../../../arm-none-eabi/lib/thumb/v7e-m/fpv4-sp/hard\libc.a(lib_a-impure.o)
 .ARM.attributes
                0x000002e0       0x34 c:/ac6/systemworkbench/plugins/fr.ac6.mcu.externaltools.arm-none.win32_1.15.0.201708311556/tools/compiler/bin/../lib/gcc/arm-none-eabi/6.3.1/../../../../arm-none-eabi/lib/thumb/v7e-m/fpv4-sp/hard\libc.a(lib_a-init.o)
 .ARM.attributes
                0x00000314       0x34 c:/ac6/systemworkbench/plugins/fr.ac6.mcu.externaltools.arm-none.win32_1.15.0.201708311556/tools/compiler/bin/../lib/gcc/arm-none-eabi/6.3.1/../../../../arm-none-eabi/lib/thumb/v7e-m/fpv4-sp/hard\libc.a(lib_a-malloc.o)
 .ARM.attributes
                0x00000348       0x34 c:/ac6/systemworkbench/plugins/fr.ac6.mcu.externaltools.arm-none.win32_1.15.0.201708311556/tools/compiler/bin/../lib/gcc/arm-none-eabi/6.3.1/../../../../arm-none-eabi/lib/thumb/v7e-m/fpv4-sp/hard\libc.a(lib_a-mallocr.o)
 .ARM.attributes
                0x0000037c       0x34 c:/ac6/systemworkbench/plugins/fr.ac6.mcu.externaltools.arm-none.win32_1.15.0.201708311556/tools/compiler/bin/../lib/gcc/arm-none-eabi/6.3.1/../../../../arm-none-eabi/lib/thumb/v7e-m/fpv4-sp/hard\libc.a(lib_a-mlock.o)
 .ARM.attributes
                0x000003b0       0x34 c:/ac6/systemworkbench/plugins/fr.ac6.mcu.externaltools.arm-none.win32_1.15.0.201708311556/tools/compiler/bin/../lib/gcc/arm-none-eabi/6.3.1/../../../../arm-none-eabi/lib/thumb/v7e-m/fpv4-sp/hard\libc.a(lib_a-rand.o)
 .ARM.attributes
                0x000003e4       0x34 c:/ac6/systemworkbench/plugins/fr.ac6.mcu.externaltools.arm-none.win32_1.15.0.201708311556/tools/compiler/bin/../lib/gcc/arm-none-eabi/6.3.1/../../../../arm-none-eabi/lib/thumb/v7e-m/fpv4-sp/hard\libc.a(lib_a-sbrkr.o)
 .ARM.attributes
                0x00000418       0x34 c:/ac6/systemworkbench/plugins/fr.ac6.mcu.externaltools.arm-none.win32_1.15.0.201708311556/tools/compiler/bin/../lib/gcc/arm-none-eabi/6.3.1/../../../../arm-none-eabi/lib/thumb/v7e-m/fpv4-sp/hard\libc.a(lib_a-__call_atexit.o)
 .ARM.attributes
                0x0000044c       0x34 c:/ac6/systemworkbench/plugins/fr.ac6.mcu.externaltools.arm-none.win32_1.15.0.201708311556/tools/compiler/bin/../lib/gcc/arm-none-eabi/6.3.1/../../../../arm-none-eabi/lib/thumb/v7e-m/fpv4-sp/hard\libc.a(lib_a-atexit.o)
 .ARM.attributes
                0x00000480       0x34 c:/ac6/systemworkbench/plugins/fr.ac6.mcu.externaltools.arm-none.win32_1.15.0.201708311556/tools/compiler/bin/../lib/gcc/arm-none-eabi/6.3.1/../../../../arm-none-eabi/lib/thumb/v7e-m/fpv4-sp/hard\libc.a(lib_a-fini.o)
 .ARM.attributes
                0x000004b4       0x34 c:/ac6/systemworkbench/plugins/fr.ac6.mcu.externaltools.arm-none.win32_1.15.0.201708311556/tools/compiler/bin/../lib/gcc/arm-none-eabi/6.3.1/../../../../arm-none-eabi/lib/thumb/v7e-m/fpv4-sp/hard\libc.a(lib_a-freer.o)
 .ARM.attributes
                0x000004e8       0x34 c:/ac6/systemworkbench/plugins/fr.ac6.mcu.externaltools.arm-none.win32_1.15.0.201708311556/tools/compiler/bin/../lib/gcc/arm-none-eabi/6.3.1/../../../../arm-none-eabi/lib/thumb/v7e-m/fpv4-sp/hard\libc.a(lib_a-lock.o)
 .ARM.attributes
                0x0000051c       0x34 c:/ac6/systemworkbench/plugins/fr.ac6.mcu.externaltools.arm-none.win32_1.15.0.201708311556/tools/compiler/bin/../lib/gcc/arm-none-eabi/6.3.1/../../../../arm-none-eabi/lib/thumb/v7e-m/fpv4-sp/hard\libc.a(lib_a-reent.o)
 .ARM.attributes
                0x00000550       0x34 c:/ac6/systemworkbench/plugins/fr.ac6.mcu.externaltools.arm-none.win32_1.15.0.201708311556/tools/compiler/bin/../lib/gcc/arm-none-eabi/6.3.1/../../../../arm-none-eabi/lib/thumb/v7e-m/fpv4-sp/hard\libc.a(lib_a-__atexit.o)
 .ARM.attributes
                0x00000584       0x22 c:/ac6/systemworkbench/plugins/fr.ac6.mcu.externaltools.arm-none.win32_1.15.0.201708311556/tools/compiler/bin/../lib/gcc/arm-none-eabi/6.3.1/thumb/v7e-m/fpv4-sp/hard/crtn.o
OUTPUT(TrueOrFalseGame.elf elf32-littlearm)

.debug_info     0x00000000     0x7d19
 .debug_info    0x00000000      0x629 StdPeriph_Driver/src/stm32f4xx_gpio.o
 .debug_info    0x00000629      0xc76 StdPeriph_Driver/src/stm32f4xx_rcc.o
 .debug_info    0x0000129f     0x1c78 StdPeriph_Driver/src/stm32f4xx_tim.o
 .debug_info    0x00002f17     0x1077 src/main.o
 .debug_info    0x00003f8e      0xf2a src/syscalls.o
 .debug_info    0x00004eb8      0x5d4 src/system_stm32f4xx.o
 .debug_info    0x0000548c     0x1251 src/tm_stm32f4_delay.o
 .debug_info    0x000066dd      0x84c src/tm_stm32f4_gpio.o
 .debug_info    0x00006f29      0xd75 src/tm_stm32f4_hd44780.o
 .debug_info    0x00007c9e       0x7b startup/startup_stm32f4xx.o

.debug_abbrev   0x00000000     0x139a
 .debug_abbrev  0x00000000      0x1bb StdPeriph_Driver/src/stm32f4xx_gpio.o
 .debug_abbrev  0x000001bb      0x1fb StdPeriph_Driver/src/stm32f4xx_rcc.o
 .debug_abbrev  0x000003b6      0x19d StdPeriph_Driver/src/stm32f4xx_tim.o
 .debug_abbrev  0x00000553      0x2c4 src/main.o
 .debug_abbrev  0x00000817      0x2aa src/syscalls.o
 .debug_abbrev  0x00000ac1      0x15b src/system_stm32f4xx.o
 .debug_abbrev  0x00000c1c      0x37b src/tm_stm32f4_delay.o
 .debug_abbrev  0x00000f97      0x17f src/tm_stm32f4_gpio.o
 .debug_abbrev  0x00001116      0x272 src/tm_stm32f4_hd44780.o
 .debug_abbrev  0x00001388       0x12 startup/startup_stm32f4xx.o

.debug_aranges  0x00000000      0x818
 .debug_aranges
                0x00000000       0x88 StdPeriph_Driver/src/stm32f4xx_gpio.o
 .debug_aranges
                0x00000088      0x178 StdPeriph_Driver/src/stm32f4xx_rcc.o
 .debug_aranges
                0x00000200      0x2f8 StdPeriph_Driver/src/stm32f4xx_tim.o
 .debug_aranges
                0x000004f8       0x50 src/main.o
 .debug_aranges
                0x00000548       0xb0 src/syscalls.o
 .debug_aranges
                0x000005f8       0x30 src/system_stm32f4xx.o
 .debug_aranges
                0x00000628       0x80 src/tm_stm32f4_delay.o
 .debug_aranges
                0x000006a8       0x98 src/tm_stm32f4_gpio.o
 .debug_aranges
                0x00000740       0xb0 src/tm_stm32f4_hd44780.o
 .debug_aranges
                0x000007f0       0x28 startup/startup_stm32f4xx.o

.debug_ranges   0x00000000      0x780
 .debug_ranges  0x00000000       0x78 StdPeriph_Driver/src/stm32f4xx_gpio.o
 .debug_ranges  0x00000078      0x168 StdPeriph_Driver/src/stm32f4xx_rcc.o
 .debug_ranges  0x000001e0      0x2e8 StdPeriph_Driver/src/stm32f4xx_tim.o
 .debug_ranges  0x000004c8       0x40 src/main.o
 .debug_ranges  0x00000508       0xa0 src/syscalls.o
 .debug_ranges  0x000005a8       0x20 src/system_stm32f4xx.o
 .debug_ranges  0x000005c8       0x70 src/tm_stm32f4_delay.o
 .debug_ranges  0x00000638       0x88 src/tm_stm32f4_gpio.o
 .debug_ranges  0x000006c0       0xa0 src/tm_stm32f4_hd44780.o
 .debug_ranges  0x00000760       0x20 startup/startup_stm32f4xx.o

.debug_macro    0x00000000     0x3b76
 .debug_macro   0x00000000      0x1c3 StdPeriph_Driver/src/stm32f4xx_gpio.o
 .debug_macro   0x000001c3      0x25f StdPeriph_Driver/src/stm32f4xx_gpio.o
 .debug_macro   0x00000422      0x267 StdPeriph_Driver/src/stm32f4xx_rcc.o
 .debug_macro   0x00000689      0x532 StdPeriph_Driver/src/stm32f4xx_rcc.o
 .debug_macro   0x00000bbb      0x1ed StdPeriph_Driver/src/stm32f4xx_tim.o
 .debug_macro   0x00000da8      0x735 StdPeriph_Driver/src/stm32f4xx_tim.o
 .debug_macro   0x000014dd      0x40a src/main.o
 .debug_macro   0x000018e7       0x58 src/main.o
 .debug_macro   0x0000193f       0x35 src/main.o
 .debug_macro   0x00001974       0x9c src/main.o
 .debug_macro   0x00001a10       0x16 src/main.o
 .debug_macro   0x00001a26       0x97 src/main.o
 .debug_macro   0x00001abd      0x330 src/main.o
 .debug_macro   0x00001ded       0xfd src/main.o
 .debug_macro   0x00001eea       0x10 src/main.o
 .debug_macro   0x00001efa       0x58 src/main.o
 .debug_macro   0x00001f52       0x1f src/main.o
 .debug_macro   0x00001f71       0x43 src/main.o
 .debug_macro   0x00001fb4       0x20 src/main.o
 .debug_macro   0x00001fd4      0x187 src/main.o
 .debug_macro   0x0000215b       0x10 src/main.o
 .debug_macro   0x0000216b       0x1c src/main.o
 .debug_macro   0x00002187       0x52 src/main.o
 .debug_macro   0x000021d9       0x40 src/main.o
 .debug_macro   0x00002219       0x10 src/main.o
 .debug_macro   0x00002229       0x40 src/main.o
 .debug_macro   0x00002269       0xd7 src/main.o
 .debug_macro   0x00002340       0x16 src/main.o
 .debug_macro   0x00002356      0x18b src/main.o
 .debug_macro   0x000024e1       0x16 src/main.o
 .debug_macro   0x000024f7       0x35 src/main.o
 .debug_macro   0x0000252c       0x52 src/main.o
 .debug_macro   0x0000257e       0x10 src/main.o
 .debug_macro   0x0000258e       0x16 src/main.o
 .debug_macro   0x000025a4       0x16 src/main.o
 .debug_macro   0x000025ba       0x29 src/main.o
 .debug_macro   0x000025e3       0x35 src/main.o
 .debug_macro   0x00002618       0xaf src/main.o
 .debug_macro   0x000026c7       0x16 src/main.o
 .debug_macro   0x000026dd       0x10 src/main.o
 .debug_macro   0x000026ed       0x41 src/main.o
 .debug_macro   0x0000272e      0x236 src/syscalls.o
 .debug_macro   0x00002964       0x10 src/syscalls.o
 .debug_macro   0x00002974       0x10 src/syscalls.o
 .debug_macro   0x00002984       0x35 src/syscalls.o
 .debug_macro   0x000029b9      0x122 src/syscalls.o
 .debug_macro   0x00002adb       0x10 src/syscalls.o
 .debug_macro   0x00002aeb      0x241 src/syscalls.o
 .debug_macro   0x00002d2c       0x1c src/syscalls.o
 .debug_macro   0x00002d48       0x10 src/syscalls.o
 .debug_macro   0x00002d58      0x159 src/syscalls.o
 .debug_macro   0x00002eb1       0x16 src/syscalls.o
 .debug_macro   0x00002ec7       0x88 src/syscalls.o
 .debug_macro   0x00002f4f      0x1e6 src/system_stm32f4xx.o
 .debug_macro   0x00003135      0x2a4 src/tm_stm32f4_delay.o
 .debug_macro   0x000033d9       0x16 src/tm_stm32f4_delay.o
 .debug_macro   0x000033ef      0x10e src/tm_stm32f4_delay.o
 .debug_macro   0x000034fd       0x8d src/tm_stm32f4_delay.o
 .debug_macro   0x0000358a      0x1d1 src/tm_stm32f4_gpio.o
 .debug_macro   0x0000375b       0xa9 src/tm_stm32f4_gpio.o
 .debug_macro   0x00003804      0x372 src/tm_stm32f4_hd44780.o

.debug_line     0x00000000     0x504e
 .debug_line    0x00000000      0x783 StdPeriph_Driver/src/stm32f4xx_gpio.o
 .debug_line    0x00000783      0x9c9 StdPeriph_Driver/src/stm32f4xx_rcc.o
 .debug_line    0x0000114c      0xee5 StdPeriph_Driver/src/stm32f4xx_tim.o
 .debug_line    0x00002031      0xa00 src/main.o
 .debug_line    0x00002a31      0x5d4 src/syscalls.o
 .debug_line    0x00003005      0x685 src/system_stm32f4xx.o
 .debug_line    0x0000368a      0x859 src/tm_stm32f4_delay.o
 .debug_line    0x00003ee3      0x7e5 src/tm_stm32f4_gpio.o
 .debug_line    0x000046c8      0x90b src/tm_stm32f4_hd44780.o
 .debug_line    0x00004fd3       0x7b startup/startup_stm32f4xx.o

.debug_str      0x00000000    0x5e98a
 .debug_str     0x00000000    0x55f88 StdPeriph_Driver/src/stm32f4xx_gpio.o
                              0x561c7 (size before relaxing)
 .debug_str     0x00055f88      0xb4e StdPeriph_Driver/src/stm32f4xx_rcc.o
                              0x56a48 (size before relaxing)
 .debug_str     0x00056ad6      0xc2f StdPeriph_Driver/src/stm32f4xx_tim.o
                              0x56bbb (size before relaxing)
 .debug_str     0x00057705     0x51f8 src/main.o
                              0x5b4a9 (size before relaxing)
 .debug_str     0x0005c8fd      0xfb9 src/syscalls.o
                               0x7d74 (size before relaxing)
 .debug_str     0x0005d8b6      0x12b src/system_stm32f4xx.o
                              0x56102 (size before relaxing)
 .debug_str     0x0005d9e1      0x732 src/tm_stm32f4_delay.o
                              0x598f9 (size before relaxing)
 .debug_str     0x0005e113      0x29f src/tm_stm32f4_gpio.o
                              0x5688e (size before relaxing)
 .debug_str     0x0005e3b2      0x5d8 src/tm_stm32f4_hd44780.o
                              0x59ca2 (size before relaxing)

.comment        0x00000000       0x7f
 .comment       0x00000000       0x7f StdPeriph_Driver/src/stm32f4xx_gpio.o
                                 0x80 (size before relaxing)
 .comment       0x0000007f       0x80 StdPeriph_Driver/src/stm32f4xx_rcc.o
 .comment       0x0000007f       0x80 StdPeriph_Driver/src/stm32f4xx_tim.o
 .comment       0x0000007f       0x80 src/main.o
 .comment       0x0000007f       0x80 src/syscalls.o
 .comment       0x0000007f       0x80 src/system_stm32f4xx.o
 .comment       0x0000007f       0x80 src/tm_stm32f4_delay.o
 .comment       0x0000007f       0x80 src/tm_stm32f4_gpio.o
 .comment       0x0000007f       0x80 src/tm_stm32f4_hd44780.o

.debug_frame    0x00000000     0x2654
 .debug_frame   0x00000000      0x23c StdPeriph_Driver/src/stm32f4xx_gpio.o
 .debug_frame   0x0000023c      0x6d4 StdPeriph_Driver/src/stm32f4xx_rcc.o
 .debug_frame   0x00000910      0xe54 StdPeriph_Driver/src/stm32f4xx_tim.o
 .debug_frame   0x00001764       0xfc src/main.o
 .debug_frame   0x00001860      0x2d4 src/syscalls.o
 .debug_frame   0x00001b34       0x7c src/system_stm32f4xx.o
 .debug_frame   0x00001bb0      0x1ec src/tm_stm32f4_delay.o
 .debug_frame   0x00001d9c      0x274 src/tm_stm32f4_gpio.o
 .debug_frame   0x00002010      0x278 src/tm_stm32f4_hd44780.o
 .debug_frame   0x00002288       0x20 c:/ac6/systemworkbench/plugins/fr.ac6.mcu.externaltools.arm-none.win32_1.15.0.201708311556/tools/compiler/bin/../lib/gcc/arm-none-eabi/6.3.1/../../../../arm-none-eabi/lib/thumb/v7e-m/fpv4-sp/hard\libc.a(lib_a-errno.o)
 .debug_frame   0x000022a8       0x2c c:/ac6/systemworkbench/plugins/fr.ac6.mcu.externaltools.arm-none.win32_1.15.0.201708311556/tools/compiler/bin/../lib/gcc/arm-none-eabi/6.3.1/../../../../arm-none-eabi/lib/thumb/v7e-m/fpv4-sp/hard\libc.a(lib_a-init.o)
 .debug_frame   0x000022d4       0x30 c:/ac6/systemworkbench/plugins/fr.ac6.mcu.externaltools.arm-none.win32_1.15.0.201708311556/tools/compiler/bin/../lib/gcc/arm-none-eabi/6.3.1/../../../../arm-none-eabi/lib/thumb/v7e-m/fpv4-sp/hard\libc.a(lib_a-malloc.o)
 .debug_frame   0x00002304       0x58 c:/ac6/systemworkbench/plugins/fr.ac6.mcu.externaltools.arm-none.win32_1.15.0.201708311556/tools/compiler/bin/../lib/gcc/arm-none-eabi/6.3.1/../../../../arm-none-eabi/lib/thumb/v7e-m/fpv4-sp/hard\libc.a(lib_a-mallocr.o)
 .debug_frame   0x0000235c       0x30 c:/ac6/systemworkbench/plugins/fr.ac6.mcu.externaltools.arm-none.win32_1.15.0.201708311556/tools/compiler/bin/../lib/gcc/arm-none-eabi/6.3.1/../../../../arm-none-eabi/lib/thumb/v7e-m/fpv4-sp/hard\libc.a(lib_a-mlock.o)
 .debug_frame   0x0000238c       0x3c c:/ac6/systemworkbench/plugins/fr.ac6.mcu.externaltools.arm-none.win32_1.15.0.201708311556/tools/compiler/bin/../lib/gcc/arm-none-eabi/6.3.1/../../../../arm-none-eabi/lib/thumb/v7e-m/fpv4-sp/hard\libc.a(lib_a-rand.o)
 .debug_frame   0x000023c8       0x2c c:/ac6/systemworkbench/plugins/fr.ac6.mcu.externaltools.arm-none.win32_1.15.0.201708311556/tools/compiler/bin/../lib/gcc/arm-none-eabi/6.3.1/../../../../arm-none-eabi/lib/thumb/v7e-m/fpv4-sp/hard\libc.a(lib_a-sbrkr.o)
 .debug_frame   0x000023f4       0x5c c:/ac6/systemworkbench/plugins/fr.ac6.mcu.externaltools.arm-none.win32_1.15.0.201708311556/tools/compiler/bin/../lib/gcc/arm-none-eabi/6.3.1/../../../../arm-none-eabi/lib/thumb/v7e-m/fpv4-sp/hard\libc.a(lib_a-__call_atexit.o)
 .debug_frame   0x00002450       0x20 c:/ac6/systemworkbench/plugins/fr.ac6.mcu.externaltools.arm-none.win32_1.15.0.201708311556/tools/compiler/bin/../lib/gcc/arm-none-eabi/6.3.1/../../../../arm-none-eabi/lib/thumb/v7e-m/fpv4-sp/hard\libc.a(lib_a-atexit.o)
 .debug_frame   0x00002470       0x34 c:/ac6/systemworkbench/plugins/fr.ac6.mcu.externaltools.arm-none.win32_1.15.0.201708311556/tools/compiler/bin/../lib/gcc/arm-none-eabi/6.3.1/../../../../arm-none-eabi/lib/thumb/v7e-m/fpv4-sp/hard\libc.a(lib_a-fini.o)
 .debug_frame   0x000024a4       0x74 c:/ac6/systemworkbench/plugins/fr.ac6.mcu.externaltools.arm-none.win32_1.15.0.201708311556/tools/compiler/bin/../lib/gcc/arm-none-eabi/6.3.1/../../../../arm-none-eabi/lib/thumb/v7e-m/fpv4-sp/hard\libc.a(lib_a-freer.o)
 .debug_frame   0x00002518       0xb0 c:/ac6/systemworkbench/plugins/fr.ac6.mcu.externaltools.arm-none.win32_1.15.0.201708311556/tools/compiler/bin/../lib/gcc/arm-none-eabi/6.3.1/../../../../arm-none-eabi/lib/thumb/v7e-m/fpv4-sp/hard\libc.a(lib_a-lock.o)
 .debug_frame   0x000025c8       0x58 c:/ac6/systemworkbench/plugins/fr.ac6.mcu.externaltools.arm-none.win32_1.15.0.201708311556/tools/compiler/bin/../lib/gcc/arm-none-eabi/6.3.1/../../../../arm-none-eabi/lib/thumb/v7e-m/fpv4-sp/hard\libc.a(lib_a-reent.o)
 .debug_frame   0x00002620       0x34 c:/ac6/systemworkbench/plugins/fr.ac6.mcu.externaltools.arm-none.win32_1.15.0.201708311556/tools/compiler/bin/../lib/gcc/arm-none-eabi/6.3.1/../../../../arm-none-eabi/lib/thumb/v7e-m/fpv4-sp/hard\libc.a(lib_a-__atexit.o)
